Archive member included to satisfy reference by file (symbol)

/home/pablo/opt/gcc-arm-none-eabi-6-2017-q1-update/bin/../lib/gcc/arm-none-eabi/6.3.1/../../../../arm-none-eabi/lib/thumb/v7e-m/fpv4-sp/hard/libc_nano.a(lib_a-exit.o)
                              /home/pablo/opt/gcc-arm-none-eabi-6-2017-q1-update/bin/../lib/gcc/arm-none-eabi/6.3.1/../../../../arm-none-eabi/lib/thumb/v7e-m/fpv4-sp/hard/crt0.o (exit)
/home/pablo/opt/gcc-arm-none-eabi-6-2017-q1-update/bin/../lib/gcc/arm-none-eabi/6.3.1/../../../../arm-none-eabi/lib/thumb/v7e-m/fpv4-sp/hard/libc_nano.a(lib_a-impure.o)
                              /home/pablo/opt/gcc-arm-none-eabi-6-2017-q1-update/bin/../lib/gcc/arm-none-eabi/6.3.1/../../../../arm-none-eabi/lib/thumb/v7e-m/fpv4-sp/hard/libc_nano.a(lib_a-exit.o) (_global_impure_ptr)
/home/pablo/opt/gcc-arm-none-eabi-6-2017-q1-update/bin/../lib/gcc/arm-none-eabi/6.3.1/../../../../arm-none-eabi/lib/thumb/v7e-m/fpv4-sp/hard/libc_nano.a(lib_a-init.o)
                              /home/pablo/opt/gcc-arm-none-eabi-6-2017-q1-update/bin/../lib/gcc/arm-none-eabi/6.3.1/../../../../arm-none-eabi/lib/thumb/v7e-m/fpv4-sp/hard/crt0.o (__libc_init_array)
/home/pablo/opt/gcc-arm-none-eabi-6-2017-q1-update/bin/../lib/gcc/arm-none-eabi/6.3.1/../../../../arm-none-eabi/lib/thumb/v7e-m/fpv4-sp/hard/libc_nano.a(lib_a-memcpy-stub.o)
                              ./Middlewares/Third_Party/FreeRTOS/Source/queue.o (memcpy)
/home/pablo/opt/gcc-arm-none-eabi-6-2017-q1-update/bin/../lib/gcc/arm-none-eabi/6.3.1/../../../../arm-none-eabi/lib/thumb/v7e-m/fpv4-sp/hard/libc_nano.a(lib_a-memset.o)
                              /home/pablo/opt/gcc-arm-none-eabi-6-2017-q1-update/bin/../lib/gcc/arm-none-eabi/6.3.1/../../../../arm-none-eabi/lib/thumb/v7e-m/fpv4-sp/hard/crt0.o (memset)
/home/pablo/opt/gcc-arm-none-eabi-6-2017-q1-update/bin/../lib/gcc/arm-none-eabi/6.3.1/../../../../arm-none-eabi/lib/thumb/v7e-m/fpv4-sp/hard/libnosys.a(_exit.o)
                              /home/pablo/opt/gcc-arm-none-eabi-6-2017-q1-update/bin/../lib/gcc/arm-none-eabi/6.3.1/../../../../arm-none-eabi/lib/thumb/v7e-m/fpv4-sp/hard/libc_nano.a(lib_a-exit.o) (_exit)
/home/pablo/opt/gcc-arm-none-eabi-6-2017-q1-update/bin/../lib/gcc/arm-none-eabi/6.3.1/thumb/v7e-m/fpv4-sp/hard/libgcc.a(_aeabi_uldivmod.o)
                              ./Drivers/STM32F4xx_HAL_Driver/Src/stm32f4xx_hal_rcc.o (__aeabi_uldivmod)
/home/pablo/opt/gcc-arm-none-eabi-6-2017-q1-update/bin/../lib/gcc/arm-none-eabi/6.3.1/thumb/v7e-m/fpv4-sp/hard/libgcc.a(_udivmoddi4.o)
                              /home/pablo/opt/gcc-arm-none-eabi-6-2017-q1-update/bin/../lib/gcc/arm-none-eabi/6.3.1/thumb/v7e-m/fpv4-sp/hard/libgcc.a(_aeabi_uldivmod.o) (__udivmoddi4)
/home/pablo/opt/gcc-arm-none-eabi-6-2017-q1-update/bin/../lib/gcc/arm-none-eabi/6.3.1/thumb/v7e-m/fpv4-sp/hard/libgcc.a(_dvmd_tls.o)
                              /home/pablo/opt/gcc-arm-none-eabi-6-2017-q1-update/bin/../lib/gcc/arm-none-eabi/6.3.1/thumb/v7e-m/fpv4-sp/hard/libgcc.a(_aeabi_uldivmod.o) (__aeabi_ldiv0)

Allocating common symbols
Common symbol       size              file

hi2c1               0x54              ./Src/main.o
uwTick              0x4               ./Drivers/STM32F4xx_HAL_Driver/Src/stm32f4xx_hal.o
xQueueRegistry      0x40              ./Middlewares/Third_Party/FreeRTOS/Source/queue.o
pFlash              0x20              ./Drivers/STM32F4xx_HAL_Driver/Src/stm32f4xx_hal_flash.o
lis3mdl_taskHandle  0x4               ./Src/main.o
htim1               0x40              ./Src/stm32f4xx_hal_timebase_tim.o
magnetic_data       0x10              ./Src/main.o

Discarded input sections

 .text          0x0000000000000000        0x0 /home/pablo/opt/gcc-arm-none-eabi-6-2017-q1-update/bin/../lib/gcc/arm-none-eabi/6.3.1/thumb/v7e-m/fpv4-sp/hard/crti.o
 .data          0x0000000000000000        0x0 /home/pablo/opt/gcc-arm-none-eabi-6-2017-q1-update/bin/../lib/gcc/arm-none-eabi/6.3.1/thumb/v7e-m/fpv4-sp/hard/crti.o
 .bss           0x0000000000000000        0x0 /home/pablo/opt/gcc-arm-none-eabi-6-2017-q1-update/bin/../lib/gcc/arm-none-eabi/6.3.1/thumb/v7e-m/fpv4-sp/hard/crti.o
 .data          0x0000000000000000        0x4 /home/pablo/opt/gcc-arm-none-eabi-6-2017-q1-update/bin/../lib/gcc/arm-none-eabi/6.3.1/thumb/v7e-m/fpv4-sp/hard/crtbegin.o
 .text          0x0000000000000000       0x74 /home/pablo/opt/gcc-arm-none-eabi-6-2017-q1-update/bin/../lib/gcc/arm-none-eabi/6.3.1/../../../../arm-none-eabi/lib/thumb/v7e-m/fpv4-sp/hard/crt0.o
 .data          0x0000000000000000        0x0 /home/pablo/opt/gcc-arm-none-eabi-6-2017-q1-update/bin/../lib/gcc/arm-none-eabi/6.3.1/../../../../arm-none-eabi/lib/thumb/v7e-m/fpv4-sp/hard/crt0.o
 .bss           0x0000000000000000        0x0 /home/pablo/opt/gcc-arm-none-eabi-6-2017-q1-update/bin/../lib/gcc/arm-none-eabi/6.3.1/../../../../arm-none-eabi/lib/thumb/v7e-m/fpv4-sp/hard/crt0.o
[...]
Memory Configuration

Name             Origin             Length             Attributes
RAM              0x0000000020000000 0x0000000000020000 xrw
CCMRAM           0x0000000010000000 0x0000000000010000 rw
FLASH            0x0000000008000000 0x0000000000100000 xr
*default*        0x0000000000000000 0xffffffffffffffff

Linker script and memory map

LOAD /home/pablo/opt/gcc-arm-none-eabi-6-2017-q1-update/bin/../lib/gcc/arm-none-eabi/6.3.1/thumb/v7e-m/fpv4-sp/hard/crti.o
LOAD /home/pablo/opt/gcc-arm-none-eabi-6-2017-q1-update/bin/../lib/gcc/arm-none-eabi/6.3.1/thumb/v7e-m/fpv4-sp/hard/crtbegin.o
LOAD /home/pablo/opt/gcc-arm-none-eabi-6-2017-q1-update/bin/../lib/gcc/arm-none-eabi/6.3.1/../../../../arm-none-eabi/lib/thumb/v7e-m/fpv4-sp/hard/crt0.o
LOAD ./Src/lis3mdl/lis3mdl.o
LOAD ./Src/freertos.o
LOAD ./Src/main.o
LOAD ./Src/stm32f4xx_hal_msp.o
LOAD ./Src/stm32f4xx_hal_timebase_tim.o
LOAD ./Src/stm32f4xx_it.o
LOAD ./Src/system_stm32f4xx.o
LOAD ./Middlewares/Third_Party/FreeRTOS/Source/portable/MemMang/heap_4.o
LOAD ./Middlewares/Third_Party/FreeRTOS/Source/portable/GCC/ARM_CM4F/port.o
LOAD ./Middlewares/Third_Party/FreeRTOS/Source/CMSIS_RTOS/cmsis_os.o
LOAD ./Middlewares/Third_Party/FreeRTOS/Source/croutine.o
LOAD ./Middlewares/Third_Party/FreeRTOS/Source/event_groups.o
LOAD ./Middlewares/Third_Party/FreeRTOS/Source/list.o
LOAD ./Middlewares/Third_Party/FreeRTOS/Source/queue.o
LOAD ./Middlewares/Third_Party/FreeRTOS/Source/stream_buffer.o
LOAD ./Middlewares/Third_Party/FreeRTOS/Source/tasks.o
LOAD ./Middlewares/Third_Party/FreeRTOS/Source/timers.o
LOAD ./Drivers/STM32F4xx_HAL_Driver/Src/stm32f4xx_hal.o
LOAD ./Drivers/STM32F4xx_HAL_Driver/Src/stm32f4xx_hal_cortex.o
LOAD ./Drivers/STM32F4xx_HAL_Driver/Src/stm32f4xx_hal_dma.o
LOAD ./Drivers/STM32F4xx_HAL_Driver/Src/stm32f4xx_hal_dma_ex.o
LOAD ./Drivers/STM32F4xx_HAL_Driver/Src/stm32f4xx_hal_exti.o
LOAD ./Drivers/STM32F4xx_HAL_Driver/Src/stm32f4xx_hal_flash.o
LOAD ./Drivers/STM32F4xx_HAL_Driver/Src/stm32f4xx_hal_flash_ex.o
LOAD ./Drivers/STM32F4xx_HAL_Driver/Src/stm32f4xx_hal_flash_ramfunc.o
LOAD ./Drivers/STM32F4xx_HAL_Driver/Src/stm32f4xx_hal_gpio.o
LOAD ./Drivers/STM32F4xx_HAL_Driver/Src/stm32f4xx_hal_i2c.o
LOAD ./Drivers/STM32F4xx_HAL_Driver/Src/stm32f4xx_hal_i2c_ex.o
LOAD ./Drivers/STM32F4xx_HAL_Driver/Src/stm32f4xx_hal_pwr.o
LOAD ./Drivers/STM32F4xx_HAL_Driver/Src/stm32f4xx_hal_pwr_ex.o
LOAD ./Drivers/STM32F4xx_HAL_Driver/Src/stm32f4xx_hal_rcc.o
LOAD ./Drivers/STM32F4xx_HAL_Driver/Src/stm32f4xx_hal_rcc_ex.o
LOAD ./Drivers/STM32F4xx_HAL_Driver/Src/stm32f4xx_hal_tim.o
LOAD ./Drivers/STM32F4xx_HAL_Driver/Src/stm32f4xx_hal_tim_ex.o
LOAD ./startup_stm32f407xx.o
LOAD /home/pablo/opt/gcc-arm-none-eabi-6-2017-q1-update/bin/../lib/gcc/arm-none-eabi/6.3.1/../../../../arm-none-eabi/lib/thumb/v7e-m/fpv4-sp/hard/libc_nano.a
LOAD /home/pablo/opt/gcc-arm-none-eabi-6-2017-q1-update/bin/../lib/gcc/arm-none-eabi/6.3.1/../../../../arm-none-eabi/lib/thumb/v7e-m/fpv4-sp/hard/libm.a
LOAD /home/pablo/opt/gcc-arm-none-eabi-6-2017-q1-update/bin/../lib/gcc/arm-none-eabi/6.3.1/../../../../arm-none-eabi/lib/thumb/v7e-m/fpv4-sp/hard/libnosys.a
START GROUP
LOAD /home/pablo/opt/gcc-arm-none-eabi-6-2017-q1-update/bin/../lib/gcc/arm-none-eabi/6.3.1/thumb/v7e-m/fpv4-sp/hard/libgcc.a
LOAD /home/pablo/opt/gcc-arm-none-eabi-6-2017-q1-update/bin/../lib/gcc/arm-none-eabi/6.3.1/../../../../arm-none-eabi/lib/thumb/v7e-m/fpv4-sp/hard/libg_nano.a
LOAD /home/pablo/opt/gcc-arm-none-eabi-6-2017-q1-update/bin/../lib/gcc/arm-none-eabi/6.3.1/../../../../arm-none-eabi/lib/thumb/v7e-m/fpv4-sp/hard/libc_nano.a
END GROUP
START GROUP
LOAD /home/pablo/opt/gcc-arm-none-eabi-6-2017-q1-update/bin/../lib/gcc/arm-none-eabi/6.3.1/thumb/v7e-m/fpv4-sp/hard/libgcc.a
LOAD /home/pablo/opt/gcc-arm-none-eabi-6-2017-q1-update/bin/../lib/gcc/arm-none-eabi/6.3.1/../../../../arm-none-eabi/lib/thumb/v7e-m/fpv4-sp/hard/libc_nano.a
END GROUP
LOAD /home/pablo/opt/gcc-arm-none-eabi-6-2017-q1-update/bin/../lib/gcc/arm-none-eabi/6.3.1/thumb/v7e-m/fpv4-sp/hard/crtend.o
LOAD /home/pablo/opt/gcc-arm-none-eabi-6-2017-q1-update/bin/../lib/gcc/arm-none-eabi/6.3.1/thumb/v7e-m/fpv4-sp/hard/crtn.o
                0x0000000020020000                _estack = 0x20020000
                0x0000000000000200                _Min_Heap_Size = 0x200
                0x0000000000000400                _Min_Stack_Size = 0x400

.isr_vector     0x0000000008000000      0x188
                0x0000000008000000                . = ALIGN (0x4)
 *(.isr_vector)
 .isr_vector    0x0000000008000000      0x188 ./startup_stm32f407xx.o
                0x0000000008000000                g_pfnVectors
                0x0000000008000188                . = ALIGN (0x4)

.text           0x0000000008000190     0x3fd4
                0x0000000008000190                . = ALIGN (0x4)
 *(.text)
 .text          0x0000000008000190       0x6c /home/pablo/opt/gcc-arm-none-eabi-6-2017-q1-update/bin/../lib/gcc/arm-none-eabi/6.3.1/thumb/v7e-m/fpv4-sp/hard/crtbegin.o
 .text          0x00000000080001fc       0x30 /home/pablo/opt/gcc-arm-none-eabi-6-2017-q1-update/bin/../lib/gcc/arm-none-eabi/6.3.1/thumb/v7e-m/fpv4-sp/hard/libgcc.a(_aeabi_uldivmod.o)
                0x00000000080001fc                __aeabi_uldivmod
 .text          0x000000000800022c      0x2dc /home/pablo/opt/gcc-arm-none-eabi-6-2017-q1-update/bin/../lib/gcc/arm-none-eabi/6.3.1/thumb/v7e-m/fpv4-sp/hard/libgcc.a(_udivmoddi4.o)
                0x000000000800022c                __udivmoddi4
 .text          0x0000000008000508        0x4 /home/pablo/opt/gcc-arm-none-eabi-6-2017-q1-update/bin/../lib/gcc/arm-none-eabi/6.3.1/thumb/v7e-m/fpv4-sp/hard/libgcc.a(_dvmd_tls.o)
                0x0000000008000508                __aeabi_ldiv0
                0x0000000008000508                __aeabi_idiv0
 *(.text*)
 .text.two_byte_to_signed
                0x000000000800050c       0x10 ./Src/lis3mdl/lis3mdl.o
 .text.write_reg_raw
                0x000000000800051c       0x38 ./Src/lis3mdl/lis3mdl.o
 .text.write_reg
                0x0000000008000554       0x22 ./Src/lis3mdl/lis3mdl.o
 .text.lis3mdl_reset
                0x0000000008000576       0x2e ./Src/lis3mdl/lis3mdl.o
                0x0000000008000576                lis3mdl_reset
 .text.lis3mdl_init
                0x00000000080005a4       0x2a ./Src/lis3mdl/lis3mdl.o
                0x00000000080005a4                lis3mdl_init
 .text.lis3mdl_set_axis_mode
                0x00000000080005ce       0x36 ./Src/lis3mdl/lis3mdl.o
                0x00000000080005ce                lis3mdl_set_axis_mode
 .text.lis3mdl_set_output_data_rate
                0x0000000008000604       0x30 ./Src/lis3mdl/lis3mdl.o
                0x0000000008000604                lis3mdl_set_output_data_rate
 .text.lis3mdl_set_full_scale
                0x0000000008000634       0x22 ./Src/lis3mdl/lis3mdl.o
                0x0000000008000634                lis3mdl_set_full_scale
 .text.lis3mdl_set_system_mode
                0x0000000008000656       0x1a ./Src/lis3mdl/lis3mdl.o
                0x0000000008000656                lis3mdl_set_system_mode
 .text.lis3mdl_read_mag_axis
                0x0000000008000670       0x7c ./Src/lis3mdl/lis3mdl.o
                0x0000000008000670                lis3mdl_read_mag_axis
 .text.lis3mdl_read_temp
                0x00000000080006ec       0x56 ./Src/lis3mdl/lis3mdl.o
                0x00000000080006ec                lis3mdl_read_temp
 *fill*         0x0000000008000742        0x2 
 .text.MX_GPIO_Init
                0x0000000008000744       0x94 ./Src/main.o
 .text.MX_I2C1_Init
                0x00000000080007d8       0x34 ./Src/main.o
 .text.LIS3MDLTask
                0x000000000800080c       0x60 ./Src/main.o
                0x000000000800080c                LIS3MDLTask
 .text.SystemClock_Config
                0x000000000800086c       0x98 ./Src/main.o
                0x000000000800086c                SystemClock_Config
 .text.main     0x0000000008000904       0x3c ./Src/main.o
                0x0000000008000904                main
 .text.HAL_GPIO_EXTI_Callback
                0x0000000008000940       0x30 ./Src/main.o
                0x0000000008000940                HAL_GPIO_EXTI_Callback
 .text.HAL_TIM_PeriodElapsedCallback
                0x0000000008000970       0x18 ./Src/main.o
                0x0000000008000970                HAL_TIM_PeriodElapsedCallback
 .text.HAL_MspInit
                0x0000000008000988       0x44 ./Src/stm32f4xx_hal_msp.o
                0x0000000008000988                HAL_MspInit
 .text.HAL_I2C_MspInit
                0x00000000080009cc       0x94 ./Src/stm32f4xx_hal_msp.o
                0x00000000080009cc                HAL_I2C_MspInit
 .text.HAL_InitTick
                0x0000000008000a60       0x7c ./Src/stm32f4xx_hal_timebase_tim.o
                0x0000000008000a60                HAL_InitTick
 .text.NMI_Handler
                0x0000000008000adc        0x2 ./Src/stm32f4xx_it.o
                0x0000000008000adc                NMI_Handler
 .text.HardFault_Handler
                0x0000000008000ade        0x2 ./Src/stm32f4xx_it.o
                0x0000000008000ade                HardFault_Handler
 .text.MemManage_Handler
                0x0000000008000ae0        0x2 ./Src/stm32f4xx_it.o
                0x0000000008000ae0                MemManage_Handler
 .text.BusFault_Handler
                0x0000000008000ae2        0x2 ./Src/stm32f4xx_it.o
                0x0000000008000ae2                BusFault_Handler
 .text.UsageFault_Handler
                0x0000000008000ae4        0x2 ./Src/stm32f4xx_it.o
                0x0000000008000ae4                UsageFault_Handler
 .text.DebugMon_Handler
                0x0000000008000ae6        0x2 ./Src/stm32f4xx_it.o
                0x0000000008000ae6                DebugMon_Handler
 .text.EXTI9_5_IRQHandler
                0x0000000008000ae8        0xa ./Src/stm32f4xx_it.o
                0x0000000008000ae8                EXTI9_5_IRQHandler
 *fill*         0x0000000008000af2        0x2 
 .text.TIM1_UP_TIM10_IRQHandler
                0x0000000008000af4       0x10 ./Src/stm32f4xx_it.o
                0x0000000008000af4                TIM1_UP_TIM10_IRQHandler
 .text.I2C1_EV_IRQHandler
                0x0000000008000b04       0x10 ./Src/stm32f4xx_it.o
                0x0000000008000b04                I2C1_EV_IRQHandler
 .text.I2C1_ER_IRQHandler
                0x0000000008000b14       0x10 ./Src/stm32f4xx_it.o
                0x0000000008000b14                I2C1_ER_IRQHandler
 .text.SystemInit
                0x0000000008000b24       0x4c ./Src/system_stm32f4xx.o
                0x0000000008000b24                SystemInit
 .text.prvHeapInit
                0x0000000008000b70       0x64 ./Middlewares/Third_Party/FreeRTOS/Source/portable/MemMang/heap_4.o
 .text.prvInsertBlockIntoFreeList
                0x0000000008000bd4       0x58 ./Middlewares/Third_Party/FreeRTOS/Source/portable/MemMang/heap_4.o
 .text.pvPortMalloc
                0x0000000008000c2c      0x108 ./Middlewares/Third_Party/FreeRTOS/Source/portable/MemMang/heap_4.o
                0x0000000008000c2c                pvPortMalloc
 .text.vPortFree
                0x0000000008000d34       0x70 ./Middlewares/Third_Party/FreeRTOS/Source/portable/MemMang/heap_4.o
                0x0000000008000d34                vPortFree
 .text.prvTaskExitError
                0x0000000008000da4       0x40 ./Middlewares/Third_Party/FreeRTOS/Source/portable/GCC/ARM_CM4F/port.o
 .text.prvPortStartFirstTask
                0x0000000008000de4       0x28 ./Middlewares/Third_Party/FreeRTOS/Source/portable/GCC/ARM_CM4F/port.o
 .text.vPortEnableVFP
                0x0000000008000e0c       0x14 ./Middlewares/Third_Party/FreeRTOS/Source/portable/GCC/ARM_CM4F/port.o
 .text.pxPortInitialiseStack
                0x0000000008000e20       0x2c ./Middlewares/Third_Party/FreeRTOS/Source/portable/GCC/ARM_CM4F/port.o
                0x0000000008000e20                pxPortInitialiseStack
 *fill*         0x0000000008000e4c        0x4 
 .text.SVC_Handler
                0x0000000008000e50       0x24 ./Middlewares/Third_Party/FreeRTOS/Source/portable/GCC/ARM_CM4F/port.o
                0x0000000008000e50                SVC_Handler
 .text.vPortEnterCritical
                0x0000000008000e74       0x44 ./Middlewares/Third_Party/FreeRTOS/Source/portable/GCC/ARM_CM4F/port.o
                0x0000000008000e74                vPortEnterCritical
 .text.vPortExitCritical
                0x0000000008000eb8       0x2c ./Middlewares/Third_Party/FreeRTOS/Source/portable/GCC/ARM_CM4F/port.o
                0x0000000008000eb8                vPortExitCritical
 *fill*         0x0000000008000ee4        0xc 
 .text.PendSV_Handler
                0x0000000008000ef0       0x64 ./Middlewares/Third_Party/FreeRTOS/Source/portable/GCC/ARM_CM4F/port.o
                0x0000000008000ef0                PendSV_Handler
 .text.SysTick_Handler
                0x0000000008000f54       0x2c ./Middlewares/Third_Party/FreeRTOS/Source/portable/GCC/ARM_CM4F/port.o
                0x0000000008000f54                SysTick_Handler
 .text.vPortSetupTimerInterrupt
                0x0000000008000f80       0x38 ./Middlewares/Third_Party/FreeRTOS/Source/portable/GCC/ARM_CM4F/port.o
                0x0000000008000f80                vPortSetupTimerInterrupt
 .text.xPortStartScheduler
                0x0000000008000fb8      0x110 ./Middlewares/Third_Party/FreeRTOS/Source/portable/GCC/ARM_CM4F/port.o
                0x0000000008000fb8                xPortStartScheduler
 .text.vPortValidateInterruptPriority
                0x00000000080010c8       0x5c ./Middlewares/Third_Party/FreeRTOS/Source/portable/GCC/ARM_CM4F/port.o
                0x00000000080010c8                vPortValidateInterruptPriority
 .text.makeFreeRtosPriority
                0x0000000008001124        0xc ./Middlewares/Third_Party/FreeRTOS/Source/CMSIS_RTOS/cmsis_os.o
 .text.inHandlerMode
                0x0000000008001130        0xc ./Middlewares/Third_Party/FreeRTOS/Source/CMSIS_RTOS/cmsis_os.o
 .text.osKernelStart
                0x000000000800113c        0xa ./Middlewares/Third_Party/FreeRTOS/Source/CMSIS_RTOS/cmsis_os.o
                0x000000000800113c                osKernelStart
 .text.osThreadCreate
                0x0000000008001146       0x34 ./Middlewares/Third_Party/FreeRTOS/Source/CMSIS_RTOS/cmsis_os.o
                0x0000000008001146                osThreadCreate
 *fill*         0x000000000800117a        0x2 
 .text.osSignalSet
                0x000000000800117c       0x64 ./Middlewares/Third_Party/FreeRTOS/Source/CMSIS_RTOS/cmsis_os.o
                0x000000000800117c                osSignalSet
 .text.osSignalWait
                0x00000000080011e0       0x68 ./Middlewares/Third_Party/FreeRTOS/Source/CMSIS_RTOS/cmsis_os.o
                0x00000000080011e0                osSignalWait
 .text.vListInitialise
                0x0000000008001248       0x16 ./Middlewares/Third_Party/FreeRTOS/Source/list.o
                0x0000000008001248                vListInitialise
 .text.vListInitialiseItem
                0x000000000800125e        0x6 ./Middlewares/Third_Party/FreeRTOS/Source/list.o
                0x000000000800125e                vListInitialiseItem
 .text.vListInsertEnd
                0x0000000008001264       0x18 ./Middlewares/Third_Party/FreeRTOS/Source/list.o
                0x0000000008001264                vListInsertEnd
 .text.vListInsert
                0x000000000800127c       0x34 ./Middlewares/Third_Party/FreeRTOS/Source/list.o
                0x000000000800127c                vListInsert
 .text.uxListRemove
                0x00000000080012b0       0x28 ./Middlewares/Third_Party/FreeRTOS/Source/list.o
                0x00000000080012b0                uxListRemove
 .text.prvResetNextTaskUnblockTime
                0x00000000080012d8       0x34 ./Middlewares/Third_Party/FreeRTOS/Source/tasks.o
 .text.prvDeleteTCB
                0x000000000800130c       0x12 ./Middlewares/Third_Party/FreeRTOS/Source/tasks.o
 .text.prvInitialiseNewTask
                0x000000000800131e       0x80 ./Middlewares/Third_Party/FreeRTOS/Source/tasks.o
 *fill*         0x000000000800139e        0x2 
 .text.prvInitialiseTaskLists
                0x00000000080013a0       0x68 ./Middlewares/Third_Party/FreeRTOS/Source/tasks.o
 .text.prvAddNewTaskToReadyList
                0x0000000008001408       0xa8 ./Middlewares/Third_Party/FreeRTOS/Source/tasks.o
 .text.prvCheckTasksWaitingTermination
                0x00000000080014b0       0x4c ./Middlewares/Third_Party/FreeRTOS/Source/tasks.o
 .text.prvIdleTask
                0x00000000080014fc       0x28 ./Middlewares/Third_Party/FreeRTOS/Source/tasks.o
 .text.prvAddCurrentTaskToDelayedList
                0x0000000008001524       0x98 ./Middlewares/Third_Party/FreeRTOS/Source/tasks.o
 .text.xTaskCreate
                0x00000000080015bc       0x62 ./Middlewares/Third_Party/FreeRTOS/Source/tasks.o
                0x00000000080015bc                xTaskCreate
 *fill*         0x000000000800161e        0x2 
 .text.vTaskStartScheduler
                0x0000000008001620       0x7c ./Middlewares/Third_Party/FreeRTOS/Source/tasks.o
                0x0000000008001620                vTaskStartScheduler
 .text.vTaskSuspendAll
                0x000000000800169c       0x10 ./Middlewares/Third_Party/FreeRTOS/Source/tasks.o
                0x000000000800169c                vTaskSuspendAll
 .text.xTaskIncrementTick
                0x00000000080016ac      0x120 ./Middlewares/Third_Party/FreeRTOS/Source/tasks.o
                0x00000000080016ac                xTaskIncrementTick
 .text.xTaskResumeAll
                0x00000000080017cc       0xfc ./Middlewares/Third_Party/FreeRTOS/Source/tasks.o
                0x00000000080017cc                xTaskResumeAll
 .text.vTaskSwitchContext
                0x00000000080018c8       0x9c ./Middlewares/Third_Party/FreeRTOS/Source/tasks.o
                0x00000000080018c8                vTaskSwitchContext
 .text.xTaskNotifyWait
                0x0000000008001964       0x98 ./Middlewares/Third_Party/FreeRTOS/Source/tasks.o
                0x0000000008001964                xTaskNotifyWait
 .text.xTaskGenericNotify
                0x00000000080019fc       0xe0 ./Middlewares/Third_Party/FreeRTOS/Source/tasks.o
                0x00000000080019fc                xTaskGenericNotify
 .text.xTaskGenericNotifyFromISR
                0x0000000008001adc      0x118 ./Middlewares/Third_Party/FreeRTOS/Source/tasks.o
                0x0000000008001adc                xTaskGenericNotifyFromISR
 .text.HAL_Init
                0x0000000008001bf4       0x34 ./Drivers/STM32F4xx_HAL_Driver/Src/stm32f4xx_hal.o
                0x0000000008001bf4                HAL_Init
 .text.HAL_IncTick
                0x0000000008001c28       0x18 ./Drivers/STM32F4xx_HAL_Driver/Src/stm32f4xx_hal.o
                0x0000000008001c28                HAL_IncTick
 .text.HAL_GetTick
                0x0000000008001c40        0xc ./Drivers/STM32F4xx_HAL_Driver/Src/stm32f4xx_hal.o
                0x0000000008001c40                HAL_GetTick
 .text.HAL_NVIC_SetPriorityGrouping
                0x0000000008001c4c       0x24 ./Drivers/STM32F4xx_HAL_Driver/Src/stm32f4xx_hal_cortex.o
                0x0000000008001c4c                HAL_NVIC_SetPriorityGrouping
 .text.HAL_NVIC_SetPriority
                0x0000000008001c70       0x64 ./Drivers/STM32F4xx_HAL_Driver/Src/stm32f4xx_hal_cortex.o
                0x0000000008001c70                HAL_NVIC_SetPriority
 .text.HAL_NVIC_EnableIRQ
                0x0000000008001cd4       0x1c ./Drivers/STM32F4xx_HAL_Driver/Src/stm32f4xx_hal_cortex.o
                0x0000000008001cd4                HAL_NVIC_EnableIRQ
 .text.HAL_DMA_Abort_IT
                0x0000000008001cf0       0x26 ./Drivers/STM32F4xx_HAL_Driver/Src/stm32f4xx_hal_dma.o
                0x0000000008001cf0                HAL_DMA_Abort_IT
 .text.HAL_DMA_GetState
                0x0000000008001d16        0x6 ./Drivers/STM32F4xx_HAL_Driver/Src/stm32f4xx_hal_dma.o
                0x0000000008001d16                HAL_DMA_GetState
 .text.HAL_GPIO_Init
                0x0000000008001d1c      0x1cc ./Drivers/STM32F4xx_HAL_Driver/Src/stm32f4xx_hal_gpio.o
                0x0000000008001d1c                HAL_GPIO_Init
 .text.HAL_GPIO_EXTI_IRQHandler
                0x0000000008001ee8       0x1c ./Drivers/STM32F4xx_HAL_Driver/Src/stm32f4xx_hal_gpio.o
                0x0000000008001ee8                HAL_GPIO_EXTI_IRQHandler
 .text.I2C_Master_SB
                0x0000000008001f04       0xa4 ./Drivers/STM32F4xx_HAL_Driver/Src/stm32f4xx_hal_i2c.o
 .text.I2C_Master_ADD10
                0x0000000008001fa8       0x2e ./Drivers/STM32F4xx_HAL_Driver/Src/stm32f4xx_hal_i2c.o
 .text.I2C_Master_ADDR
                0x0000000008001fd6      0x206 ./Drivers/STM32F4xx_HAL_Driver/Src/stm32f4xx_hal_i2c.o
 .text.I2C_SlaveTransmit_BTF
                0x00000000080021dc       0x20 ./Drivers/STM32F4xx_HAL_Driver/Src/stm32f4xx_hal_i2c.o
 .text.I2C_SlaveReceive_BTF
                0x00000000080021fc       0x20 ./Drivers/STM32F4xx_HAL_Driver/Src/stm32f4xx_hal_i2c.o
 .text.I2C_IsAcknowledgeFailed
                0x000000000800221c       0x32 ./Drivers/STM32F4xx_HAL_Driver/Src/stm32f4xx_hal_i2c.o
 .text.I2C_ConvertOtherXferOptions
                0x000000000800224e       0x1e ./Drivers/STM32F4xx_HAL_Driver/Src/stm32f4xx_hal_i2c.o
 .text.I2C_WaitOnFlagUntilTimeout
                0x000000000800226c       0x70 ./Drivers/STM32F4xx_HAL_Driver/Src/stm32f4xx_hal_i2c.o
 .text.I2C_WaitOnMasterAddressFlagUntilTimeout
                0x00000000080022dc       0xa4 ./Drivers/STM32F4xx_HAL_Driver/Src/stm32f4xx_hal_i2c.o
 .text.I2C_WaitOnTXEFlagUntilTimeout
                0x0000000008002380       0x54 ./Drivers/STM32F4xx_HAL_Driver/Src/stm32f4xx_hal_i2c.o
 .text.I2C_RequestMemoryWrite
                0x00000000080023d4       0xcc ./Drivers/STM32F4xx_HAL_Driver/Src/stm32f4xx_hal_i2c.o
 .text.I2C_RequestMemoryRead
                0x00000000080024a0      0x134 ./Drivers/STM32F4xx_HAL_Driver/Src/stm32f4xx_hal_i2c.o
 .text.I2C_WaitOnBTFFlagUntilTimeout
                0x00000000080025d4       0x54 ./Drivers/STM32F4xx_HAL_Driver/Src/stm32f4xx_hal_i2c.o
 .text.I2C_WaitOnRXNEFlagUntilTimeout
                0x0000000008002628       0x6a ./Drivers/STM32F4xx_HAL_Driver/Src/stm32f4xx_hal_i2c.o
 *fill*         0x0000000008002692        0x2 
 .text.HAL_I2C_Init
                0x0000000008002694      0x1a0 ./Drivers/STM32F4xx_HAL_Driver/Src/stm32f4xx_hal_i2c.o
                0x0000000008002694                HAL_I2C_Init
 .text.HAL_I2C_Mem_Write
                0x0000000008002834      0x168 ./Drivers/STM32F4xx_HAL_Driver/Src/stm32f4xx_hal_i2c.o
                0x0000000008002834                HAL_I2C_Mem_Write
 .text.HAL_I2C_Mem_Read
                0x000000000800299c      0x2dc ./Drivers/STM32F4xx_HAL_Driver/Src/stm32f4xx_hal_i2c.o
                0x000000000800299c                HAL_I2C_Mem_Read
 .text.HAL_I2C_MasterTxCpltCallback
                0x0000000008002c78        0x2 ./Drivers/STM32F4xx_HAL_Driver/Src/stm32f4xx_hal_i2c.o
                0x0000000008002c78                HAL_I2C_MasterTxCpltCallback
 .text.HAL_I2C_MasterRxCpltCallback
                0x0000000008002c7a        0x2 ./Drivers/STM32F4xx_HAL_Driver/Src/stm32f4xx_hal_i2c.o
                0x0000000008002c7a                HAL_I2C_MasterRxCpltCallback
 .text.HAL_I2C_SlaveTxCpltCallback
                0x0000000008002c7c        0x2 ./Drivers/STM32F4xx_HAL_Driver/Src/stm32f4xx_hal_i2c.o
                0x0000000008002c7c                HAL_I2C_SlaveTxCpltCallback
 .text.I2C_SlaveTransmit_TXE
                0x0000000008002c7e       0x4c ./Drivers/STM32F4xx_HAL_Driver/Src/stm32f4xx_hal_i2c.o
 .text.HAL_I2C_SlaveRxCpltCallback
                0x0000000008002cca        0x2 ./Drivers/STM32F4xx_HAL_Driver/Src/stm32f4xx_hal_i2c.o
                0x0000000008002cca                HAL_I2C_SlaveRxCpltCallback
 .text.I2C_SlaveReceive_RXNE
                0x0000000008002ccc       0x4c ./Drivers/STM32F4xx_HAL_Driver/Src/stm32f4xx_hal_i2c.o
 .text.HAL_I2C_AddrCallback
                0x0000000008002d18        0x2 ./Drivers/STM32F4xx_HAL_Driver/Src/stm32f4xx_hal_i2c.o
                0x0000000008002d18                HAL_I2C_AddrCallback
 .text.I2C_Slave_ADDR
                0x0000000008002d1a       0x4e ./Drivers/STM32F4xx_HAL_Driver/Src/stm32f4xx_hal_i2c.o
 .text.HAL_I2C_ListenCpltCallback
                0x0000000008002d68        0x2 ./Drivers/STM32F4xx_HAL_Driver/Src/stm32f4xx_hal_i2c.o
                0x0000000008002d68                HAL_I2C_ListenCpltCallback
 *fill*         0x0000000008002d6a        0x2 
 .text.I2C_Slave_AF
                0x0000000008002d6c       0x94 ./Drivers/STM32F4xx_HAL_Driver/Src/stm32f4xx_hal_i2c.o
 .text.HAL_I2C_MemTxCpltCallback
                0x0000000008002e00        0x2 ./Drivers/STM32F4xx_HAL_Driver/Src/stm32f4xx_hal_i2c.o
                0x0000000008002e00                HAL_I2C_MemTxCpltCallback
 .text.I2C_MasterTransmit_TXE
                0x0000000008002e02      0x14c ./Drivers/STM32F4xx_HAL_Driver/Src/stm32f4xx_hal_i2c.o
 .text.I2C_MasterTransmit_BTF
                0x0000000008002f4e       0x9e ./Drivers/STM32F4xx_HAL_Driver/Src/stm32f4xx_hal_i2c.o
 .text.HAL_I2C_MemRxCpltCallback
                0x0000000008002fec        0x2 ./Drivers/STM32F4xx_HAL_Driver/Src/stm32f4xx_hal_i2c.o
                0x0000000008002fec                HAL_I2C_MemRxCpltCallback
 .text.I2C_MasterReceive_RXNE
                0x0000000008002fee       0xa6 ./Drivers/STM32F4xx_HAL_Driver/Src/stm32f4xx_hal_i2c.o
 .text.I2C_MasterReceive_BTF
                0x0000000008003094      0x128 ./Drivers/STM32F4xx_HAL_Driver/Src/stm32f4xx_hal_i2c.o
 .text.HAL_I2C_ErrorCallback
                0x00000000080031bc        0x2 ./Drivers/STM32F4xx_HAL_Driver/Src/stm32f4xx_hal_i2c.o
                0x00000000080031bc                HAL_I2C_ErrorCallback
 .text.HAL_I2C_AbortCpltCallback
                0x00000000080031be        0x2 ./Drivers/STM32F4xx_HAL_Driver/Src/stm32f4xx_hal_i2c.o
                0x00000000080031be                HAL_I2C_AbortCpltCallback
 .text.I2C_DMAAbort
                0x00000000080031c0       0x8a ./Drivers/STM32F4xx_HAL_Driver/Src/stm32f4xx_hal_i2c.o
 *fill*         0x000000000800324a        0x2 
 .text.I2C_ITError
                0x000000000800324c      0x168 ./Drivers/STM32F4xx_HAL_Driver/Src/stm32f4xx_hal_i2c.o
 .text.I2C_Slave_STOPF
                0x00000000080033b4      0x194 ./Drivers/STM32F4xx_HAL_Driver/Src/stm32f4xx_hal_i2c.o
 .text.HAL_I2C_EV_IRQHandler
                0x0000000008003548      0x198 ./Drivers/STM32F4xx_HAL_Driver/Src/stm32f4xx_hal_i2c.o
                0x0000000008003548                HAL_I2C_EV_IRQHandler
 .text.HAL_I2C_ER_IRQHandler
                0x00000000080036e0       0xc8 ./Drivers/STM32F4xx_HAL_Driver/Src/stm32f4xx_hal_i2c.o
                0x00000000080036e0                HAL_I2C_ER_IRQHandler
 .text.HAL_RCC_OscConfig
                0x00000000080037a8      0x398 ./Drivers/STM32F4xx_HAL_Driver/Src/stm32f4xx_hal_rcc.o
                0x00000000080037a8                HAL_RCC_OscConfig
 .text.HAL_RCC_GetSysClockFreq
                0x0000000008003b40       0xd4 ./Drivers/STM32F4xx_HAL_Driver/Src/stm32f4xx_hal_rcc.o
                0x0000000008003b40                HAL_RCC_GetSysClockFreq
 .text.HAL_RCC_ClockConfig
                0x0000000008003c14      0x158 ./Drivers/STM32F4xx_HAL_Driver/Src/stm32f4xx_hal_rcc.o
                0x0000000008003c14                HAL_RCC_ClockConfig
 .text.HAL_RCC_GetHCLKFreq
                0x0000000008003d6c        0xc ./Drivers/STM32F4xx_HAL_Driver/Src/stm32f4xx_hal_rcc.o
                0x0000000008003d6c                HAL_RCC_GetHCLKFreq
 .text.HAL_RCC_GetPCLK1Freq
                0x0000000008003d78       0x20 ./Drivers/STM32F4xx_HAL_Driver/Src/stm32f4xx_hal_rcc.o
                0x0000000008003d78                HAL_RCC_GetPCLK1Freq
 .text.HAL_RCC_GetPCLK2Freq
                0x0000000008003d98       0x20 ./Drivers/STM32F4xx_HAL_Driver/Src/stm32f4xx_hal_rcc.o
                0x0000000008003d98                HAL_RCC_GetPCLK2Freq
 .text.HAL_RCC_GetClockConfig
                0x0000000008003db8       0x3c ./Drivers/STM32F4xx_HAL_Driver/Src/stm32f4xx_hal_rcc.o
                0x0000000008003db8                HAL_RCC_GetClockConfig
 .text.HAL_TIM_Base_MspInit
                0x0000000008003df4        0x2 ./Drivers/STM32F4xx_HAL_Driver/Src/stm32f4xx_hal_tim.o
                0x0000000008003df4                HAL_TIM_Base_MspInit
 .text.HAL_TIM_Base_Start_IT
                0x0000000008003df6       0x22 ./Drivers/STM32F4xx_HAL_Driver/Src/stm32f4xx_hal_tim.o
                0x0000000008003df6                HAL_TIM_Base_Start_IT
 .text.HAL_TIM_OC_DelayElapsedCallback
                0x0000000008003e18        0x2 ./Drivers/STM32F4xx_HAL_Driver/Src/stm32f4xx_hal_tim.o
                0x0000000008003e18                HAL_TIM_OC_DelayElapsedCallback
 .text.HAL_TIM_IC_CaptureCallback
                0x0000000008003e1a        0x2 ./Drivers/STM32F4xx_HAL_Driver/Src/stm32f4xx_hal_tim.o
                0x0000000008003e1a                HAL_TIM_IC_CaptureCallback
 .text.HAL_TIM_PWM_PulseFinishedCallback
                0x0000000008003e1c        0x2 ./Drivers/STM32F4xx_HAL_Driver/Src/stm32f4xx_hal_tim.o
                0x0000000008003e1c                HAL_TIM_PWM_PulseFinishedCallback
 .text.HAL_TIM_TriggerCallback
                0x0000000008003e1e        0x2 ./Drivers/STM32F4xx_HAL_Driver/Src/stm32f4xx_hal_tim.o
                0x0000000008003e1e                HAL_TIM_TriggerCallback
 .text.HAL_TIM_IRQHandler
                0x0000000008003e20      0x17a ./Drivers/STM32F4xx_HAL_Driver/Src/stm32f4xx_hal_tim.o
                0x0000000008003e20                HAL_TIM_IRQHandler
 *fill*         0x0000000008003f9a        0x2 
 .text.TIM_Base_SetConfig
                0x0000000008003f9c       0xcc ./Drivers/STM32F4xx_HAL_Driver/Src/stm32f4xx_hal_tim.o
                0x0000000008003f9c                TIM_Base_SetConfig
 .text.HAL_TIM_Base_Init
                0x0000000008004068       0x32 ./Drivers/STM32F4xx_HAL_Driver/Src/stm32f4xx_hal_tim.o
                0x0000000008004068                HAL_TIM_Base_Init
 .text.HAL_TIMEx_CommutCallback
                0x000000000800409a        0x2 ./Drivers/STM32F4xx_HAL_Driver/Src/stm32f4xx_hal_tim_ex.o
                0x000000000800409a                HAL_TIMEx_CommutCallback
 .text.HAL_TIMEx_BreakCallback
                0x000000000800409c        0x2 ./Drivers/STM32F4xx_HAL_Driver/Src/stm32f4xx_hal_tim_ex.o
                0x000000000800409c                HAL_TIMEx_BreakCallback
 *fill*         0x000000000800409e        0x2 
 .text.Reset_Handler
                0x00000000080040a0       0x50 ./startup_stm32f407xx.o
                0x00000000080040a0                Reset_Handler
 .text.Default_Handler
                0x00000000080040f0        0x2 ./startup_stm32f407xx.o
                0x00000000080040f0                RTC_Alarm_IRQHandler
                0x00000000080040f0                HASH_RNG_IRQHandler
                0x00000000080040f0                EXTI2_IRQHandler
                0x00000000080040f0                TIM8_CC_IRQHandler
                0x00000000080040f0                TIM1_CC_IRQHandler
                0x00000000080040f0                DMA2_Stream5_IRQHandler
                0x00000000080040f0                DMA1_Stream5_IRQHandler
                0x00000000080040f0                PVD_IRQHandler
                0x00000000080040f0                SDIO_IRQHandler
                0x00000000080040f0                TAMP_STAMP_IRQHandler
                0x00000000080040f0                CAN2_RX1_IRQHandler
                0x00000000080040f0                EXTI3_IRQHandler
                0x00000000080040f0                TIM8_TRG_COM_TIM14_IRQHandler
                0x00000000080040f0                TIM8_UP_TIM13_IRQHandler
                0x00000000080040f0                I2C3_ER_IRQHandler
                0x00000000080040f0                EXTI0_IRQHandler
                0x00000000080040f0                I2C2_EV_IRQHandler
                0x00000000080040f0                DMA1_Stream2_IRQHandler
                0x00000000080040f0                CAN1_RX0_IRQHandler
                0x00000000080040f0                FPU_IRQHandler
                0x00000000080040f0                OTG_HS_WKUP_IRQHandler
                0x00000000080040f0                CAN2_SCE_IRQHandler
                0x00000000080040f0                DMA2_Stream2_IRQHandler
                0x00000000080040f0                SPI1_IRQHandler
                0x00000000080040f0                TIM6_DAC_IRQHandler
                0x00000000080040f0                TIM1_BRK_TIM9_IRQHandler
                0x00000000080040f0                DCMI_IRQHandler
                0x00000000080040f0                CAN2_RX0_IRQHandler
                0x00000000080040f0                DMA2_Stream3_IRQHandler
                0x00000000080040f0                USART6_IRQHandler
                0x00000000080040f0                USART3_IRQHandler
                0x00000000080040f0                CAN1_RX1_IRQHandler
                0x00000000080040f0                UART5_IRQHandler
                0x00000000080040f0                DMA2_Stream0_IRQHandler
                0x00000000080040f0                TIM4_IRQHandler
                0x00000000080040f0                DMA1_Stream6_IRQHandler
                0x00000000080040f0                DMA1_Stream1_IRQHandler
                0x00000000080040f0                UART4_IRQHandler
                0x00000000080040f0                TIM3_IRQHandler
                0x00000000080040f0                RCC_IRQHandler
                0x00000000080040f0                TIM8_BRK_TIM12_IRQHandler
                0x00000000080040f0                Default_Handler
                0x00000000080040f0                EXTI15_10_IRQHandler
                0x00000000080040f0                ADC_IRQHandler
                0x00000000080040f0                DMA1_Stream7_IRQHandler
                0x00000000080040f0                TIM7_IRQHandler
                0x00000000080040f0                CAN2_TX_IRQHandler
                0x00000000080040f0                TIM5_IRQHandler
                0x00000000080040f0                DMA2_Stream7_IRQHandler
                0x00000000080040f0                I2C3_EV_IRQHandler
                0x00000000080040f0                RTC_WKUP_IRQHandler
                0x00000000080040f0                ETH_WKUP_IRQHandler
                0x00000000080040f0                SPI2_IRQHandler
                0x00000000080040f0                OTG_HS_EP1_IN_IRQHandler
                0x00000000080040f0                DMA1_Stream0_IRQHandler
                0x00000000080040f0                CAN1_TX_IRQHandler
                0x00000000080040f0                EXTI4_IRQHandler
                0x00000000080040f0                FSMC_IRQHandler
                0x00000000080040f0                ETH_IRQHandler
                0x00000000080040f0                OTG_HS_EP1_OUT_IRQHandler
                0x00000000080040f0                WWDG_IRQHandler
                0x00000000080040f0                TIM2_IRQHandler
                0x00000000080040f0                OTG_FS_WKUP_IRQHandler
                0x00000000080040f0                TIM1_TRG_COM_TIM11_IRQHandler
                0x00000000080040f0                OTG_HS_IRQHandler
                0x00000000080040f0                EXTI1_IRQHandler
                0x00000000080040f0                USART2_IRQHandler
                0x00000000080040f0                I2C2_ER_IRQHandler
                0x00000000080040f0                DMA2_Stream1_IRQHandler
                0x00000000080040f0                CAN1_SCE_IRQHandler
                0x00000000080040f0                FLASH_IRQHandler
                0x00000000080040f0                DMA2_Stream4_IRQHandler
                0x00000000080040f0                USART1_IRQHandler
                0x00000000080040f0                OTG_FS_IRQHandler
                0x00000000080040f0                SPI3_IRQHandler
                0x00000000080040f0                DMA1_Stream4_IRQHandler
                0x00000000080040f0                DMA2_Stream6_IRQHandler
                0x00000000080040f0                DMA1_Stream3_IRQHandler
 *fill*         0x00000000080040f2        0x2 
 .text.__libc_init_array
                0x00000000080040f4       0x48 /home/pablo/opt/gcc-arm-none-eabi-6-2017-q1-update/bin/../lib/gcc/arm-none-eabi/6.3.1/../../../../arm-none-eabi/lib/thumb/v7e-m/fpv4-sp/hard/libc_nano.a(lib_a-init.o)
                0x00000000080040f4                __libc_init_array
 .text.memset   0x000000000800413c       0x10 /home/pablo/opt/gcc-arm-none-eabi-6-2017-q1-update/bin/../lib/gcc/arm-none-eabi/6.3.1/../../../../arm-none-eabi/lib/thumb/v7e-m/fpv4-sp/hard/libc_nano.a(lib_a-memset.o)
                0x000000000800413c                memset
 *(.glue_7)
 .glue_7        0x000000000800414c        0x0 linker stubs
 *(.glue_7t)
 .glue_7t       0x000000000800414c        0x0 linker stubs
 *(.eh_frame)
 .eh_frame      0x000000000800414c        0x0 /home/pablo/opt/gcc-arm-none-eabi-6-2017-q1-update/bin/../lib/gcc/arm-none-eabi/6.3.1/thumb/v7e-m/fpv4-sp/hard/crtbegin.o
 *(.init)
 .init          0x000000000800414c        0x4 /home/pablo/opt/gcc-arm-none-eabi-6-2017-q1-update/bin/../lib/gcc/arm-none-eabi/6.3.1/thumb/v7e-m/fpv4-sp/hard/crti.o
                0x000000000800414c                _init
 .init          0x0000000008004150        0x8 /home/pablo/opt/gcc-arm-none-eabi-6-2017-q1-update/bin/../lib/gcc/arm-none-eabi/6.3.1/thumb/v7e-m/fpv4-sp/hard/crtn.o
 *(.fini)
 .fini          0x0000000008004158        0x4 /home/pablo/opt/gcc-arm-none-eabi-6-2017-q1-update/bin/../lib/gcc/arm-none-eabi/6.3.1/thumb/v7e-m/fpv4-sp/hard/crti.o
                0x0000000008004158                _fini
 .fini          0x000000000800415c        0x8 /home/pablo/opt/gcc-arm-none-eabi-6-2017-q1-update/bin/../lib/gcc/arm-none-eabi/6.3.1/thumb/v7e-m/fpv4-sp/hard/crtn.o
                0x0000000008004164                . = ALIGN (0x4)
                0x0000000008004164                _etext = .

.vfp11_veneer   0x0000000008004164        0x0
 .vfp11_veneer  0x0000000008004164        0x0 linker stubs

.v4_bx          0x0000000008004164        0x0
 .v4_bx         0x0000000008004164        0x0 linker stubs

.iplt           0x0000000008004164        0x0
 .iplt          0x0000000008004164        0x0 /home/pablo/opt/gcc-arm-none-eabi-6-2017-q1-update/bin/../lib/gcc/arm-none-eabi/6.3.1/thumb/v7e-m/fpv4-sp/hard/crtbegin.o

.rodata         0x0000000008004164       0x44
                0x0000000008004164                . = ALIGN (0x4)
 *(.rodata)
 .rodata        0x0000000008004164       0x14 ./Src/main.o
 *(.rodata*)
 .rodata.str1.4
                0x0000000008004178        0xd ./Src/main.o
 *fill*         0x0000000008004185        0x3 
 .rodata.AHBPrescTable
                0x0000000008004188       0x10 ./Src/system_stm32f4xx.o
                0x0000000008004188                AHBPrescTable
 .rodata.APBPrescTable
                0x0000000008004198        0x8 ./Src/system_stm32f4xx.o
                0x0000000008004198                APBPrescTable
 .rodata.vTaskStartScheduler.str1.4
                0x00000000080041a0        0x8 ./Middlewares/Third_Party/FreeRTOS/Source/tasks.o
                                          0x5 (size before relaxing)
                0x00000000080041a8                . = ALIGN (0x4)

.ARM.extab
 *(.ARM.extab* .gnu.linkonce.armextab.*)

.ARM            0x00000000080041a8        0x8
                0x00000000080041a8                __exidx_start = .
 *(.ARM.exidx*)
 .ARM.exidx     0x00000000080041a8        0x8 /home/pablo/opt/gcc-arm-none-eabi-6-2017-q1-update/bin/../lib/gcc/arm-none-eabi/6.3.1/thumb/v7e-m/fpv4-sp/hard/libgcc.a(_udivmoddi4.o)
                0x00000000080041b0                __exidx_end = .

.rel.dyn        0x00000000080041b0        0x0
 .rel.iplt      0x00000000080041b0        0x0 /home/pablo/opt/gcc-arm-none-eabi-6-2017-q1-update/bin/../lib/gcc/arm-none-eabi/6.3.1/thumb/v7e-m/fpv4-sp/hard/crtbegin.o

.preinit_array  0x00000000080041b0        0x0
                0x00000000080041b0                PROVIDE (__preinit_array_start, .)
 *(.preinit_array*)
                0x00000000080041b0                PROVIDE (__preinit_array_end, .)

.init_array     0x00000000080041b0        0x4
                0x00000000080041b0                PROVIDE (__init_array_start, .)
 *(SORT(.init_array.*))
 *(.init_array*)
 .init_array    0x00000000080041b0        0x4 /home/pablo/opt/gcc-arm-none-eabi-6-2017-q1-update/bin/../lib/gcc/arm-none-eabi/6.3.1/thumb/v7e-m/fpv4-sp/hard/crtbegin.o
                0x00000000080041b4                PROVIDE (__init_array_end, .)

.fini_array     0x00000000080041b4        0x4
                [!provide]                        PROVIDE (__fini_array_start, .)
 *(SORT(.fini_array.*))
 *(.fini_array*)
 .fini_array    0x00000000080041b4        0x4 /home/pablo/opt/gcc-arm-none-eabi-6-2017-q1-update/bin/../lib/gcc/arm-none-eabi/6.3.1/thumb/v7e-m/fpv4-sp/hard/crtbegin.o
                [!provide]                        PROVIDE (__fini_array_end, .)
                0x00000000080041b8                _sidata = LOADADDR (.data)

.data           0x0000000020000000       0x14 load address 0x00000000080041b8
                0x0000000020000000                . = ALIGN (0x4)
                0x0000000020000000                _sdata = .
 *(.data)
 *(.data*)
 .data.sensitivity
                0x0000000020000000        0x8 ./Src/lis3mdl/lis3mdl.o
                0x0000000020000000                sensitivity
 .data.SystemCoreClock
                0x0000000020000008        0x4 ./Src/system_stm32f4xx.o
                0x0000000020000008                SystemCoreClock
 .data.uxCriticalNesting
                0x000000002000000c        0x4 ./Middlewares/Third_Party/FreeRTOS/Source/portable/GCC/ARM_CM4F/port.o
 .data.uwTickFreq
                0x0000000020000010        0x1 ./Drivers/STM32F4xx_HAL_Driver/Src/stm32f4xx_hal.o
                0x0000000020000010                uwTickFreq
                0x0000000020000014                . = ALIGN (0x4)
 *fill*         0x0000000020000011        0x3 
                0x0000000020000014                _edata = .
                0x00000000080041cc                _siccmram = LOADADDR (.ccmram)

.jcr            0x0000000020000014        0x0 load address 0x00000000080041cc
 .jcr           0x0000000020000014        0x0 /home/pablo/opt/gcc-arm-none-eabi-6-2017-q1-update/bin/../lib/gcc/arm-none-eabi/6.3.1/thumb/v7e-m/fpv4-sp/hard/crtbegin.o

.igot.plt       0x0000000020000014        0x0 load address 0x00000000080041cc
 .igot.plt      0x0000000020000014        0x0 /home/pablo/opt/gcc-arm-none-eabi-6-2017-q1-update/bin/../lib/gcc/arm-none-eabi/6.3.1/thumb/v7e-m/fpv4-sp/hard/crtbegin.o

.ccmram         0x0000000010000000        0x0 load address 0x00000000080041cc
                0x0000000010000000                . = ALIGN (0x4)
                0x0000000010000000                _sccmram = .
 *(.ccmram)
 *(.ccmram*)
                0x0000000010000000                . = ALIGN (0x4)
                0x0000000010000000                _eccmram = .
                0x0000000010000000                . = ALIGN (0x4)

.bss            0x0000000020000014     0x3e18
                0x0000000020000014                _sbss = .
                0x0000000020000014                __bss_start__ = _sbss
 *(.bss)
 .bss           0x0000000020000014       0x1c /home/pablo/opt/gcc-arm-none-eabi-6-2017-q1-update/bin/../lib/gcc/arm-none-eabi/6.3.1/thumb/v7e-m/fpv4-sp/hard/crtbegin.o
 *(.bss*)
 .bss.drdy_ticks.8824
                0x0000000020000030        0x4 ./Src/main.o
 .bss.pxEnd     0x0000000020000034        0x4 ./Middlewares/Third_Party/FreeRTOS/Source/portable/MemMang/heap_4.o
 .bss.ucHeap    0x0000000020000038     0x3c00 ./Middlewares/Third_Party/FreeRTOS/Source/portable/MemMang/heap_4.o
 .bss.xBlockAllocatedBit
                0x0000000020003c38        0x4 ./Middlewares/Third_Party/FreeRTOS/Source/portable/MemMang/heap_4.o
 .bss.xFreeBytesRemaining
                0x0000000020003c3c        0x4 ./Middlewares/Third_Party/FreeRTOS/Source/portable/MemMang/heap_4.o
 .bss.xMinimumEverFreeBytesRemaining
                0x0000000020003c40        0x4 ./Middlewares/Third_Party/FreeRTOS/Source/portable/MemMang/heap_4.o
 .bss.xStart    0x0000000020003c44        0x8 ./Middlewares/Third_Party/FreeRTOS/Source/portable/MemMang/heap_4.o
 .bss.ucMaxSysCallPriority
                0x0000000020003c4c        0x1 ./Middlewares/Third_Party/FreeRTOS/Source/portable/GCC/ARM_CM4F/port.o
 *fill*         0x0000000020003c4d        0x3 
 .bss.ulMaxPRIGROUPValue
                0x0000000020003c50        0x4 ./Middlewares/Third_Party/FreeRTOS/Source/portable/GCC/ARM_CM4F/port.o
 .bss.pxCurrentTCB
                0x0000000020003c54        0x4 ./Middlewares/Third_Party/FreeRTOS/Source/tasks.o
                0x0000000020003c54                pxCurrentTCB
 .bss.pxDelayedTaskList
                0x0000000020003c58        0x4 ./Middlewares/Third_Party/FreeRTOS/Source/tasks.o
 .bss.pxOverflowDelayedTaskList
                0x0000000020003c5c        0x4 ./Middlewares/Third_Party/FreeRTOS/Source/tasks.o
 .bss.pxReadyTasksLists
                0x0000000020003c60       0x8c ./Middlewares/Third_Party/FreeRTOS/Source/tasks.o
 .bss.uxCurrentNumberOfTasks
                0x0000000020003cec        0x4 ./Middlewares/Third_Party/FreeRTOS/Source/tasks.o
 .bss.uxDeletedTasksWaitingCleanUp
                0x0000000020003cf0        0x4 ./Middlewares/Third_Party/FreeRTOS/Source/tasks.o
 .bss.uxPendedTicks
                0x0000000020003cf4        0x4 ./Middlewares/Third_Party/FreeRTOS/Source/tasks.o
 .bss.uxSchedulerSuspended
                0x0000000020003cf8        0x4 ./Middlewares/Third_Party/FreeRTOS/Source/tasks.o
 .bss.uxTaskNumber
                0x0000000020003cfc        0x4 ./Middlewares/Third_Party/FreeRTOS/Source/tasks.o
 .bss.uxTopReadyPriority
                0x0000000020003d00        0x4 ./Middlewares/Third_Party/FreeRTOS/Source/tasks.o
 .bss.xDelayedTaskList1
                0x0000000020003d04       0x14 ./Middlewares/Third_Party/FreeRTOS/Source/tasks.o
 .bss.xDelayedTaskList2
                0x0000000020003d18       0x14 ./Middlewares/Third_Party/FreeRTOS/Source/tasks.o
 .bss.xIdleTaskHandle
                0x0000000020003d2c        0x4 ./Middlewares/Third_Party/FreeRTOS/Source/tasks.o
 .bss.xNextTaskUnblockTime
                0x0000000020003d30        0x4 ./Middlewares/Third_Party/FreeRTOS/Source/tasks.o
 .bss.xNumOfOverflows
                0x0000000020003d34        0x4 ./Middlewares/Third_Party/FreeRTOS/Source/tasks.o
 .bss.xPendingReadyList
                0x0000000020003d38       0x14 ./Middlewares/Third_Party/FreeRTOS/Source/tasks.o
 .bss.xSchedulerRunning
                0x0000000020003d4c        0x4 ./Middlewares/Third_Party/FreeRTOS/Source/tasks.o
 .bss.xSuspendedTaskList
                0x0000000020003d50       0x14 ./Middlewares/Third_Party/FreeRTOS/Source/tasks.o
 .bss.xTasksWaitingTermination
                0x0000000020003d64       0x14 ./Middlewares/Third_Party/FreeRTOS/Source/tasks.o
 .bss.xTickCount
                0x0000000020003d78        0x4 ./Middlewares/Third_Party/FreeRTOS/Source/tasks.o
 .bss.xYieldPending
                0x0000000020003d7c        0x4 ./Middlewares/Third_Party/FreeRTOS/Source/tasks.o
 *(COMMON)
 COMMON         0x0000000020003d80       0x68 ./Src/main.o
                0x0000000020003d80                hi2c1
                0x0000000020003dd4                lis3mdl_taskHandle
                0x0000000020003dd8                magnetic_data
 COMMON         0x0000000020003de8       0x40 ./Src/stm32f4xx_hal_timebase_tim.o
                0x0000000020003de8                htim1
 COMMON         0x0000000020003e28        0x4 ./Drivers/STM32F4xx_HAL_Driver/Src/stm32f4xx_hal.o
                0x0000000020003e28                uwTick
                0x0000000020003e2c                . = ALIGN (0x4)
                0x0000000020003e2c                _ebss = .
                0x0000000020003e2c                __bss_end__ = _ebss

._user_heap_stack
                0x0000000020003e2c      0x604
                0x0000000020003e30                . = ALIGN (0x8)
 *fill*         0x0000000020003e2c        0x4 
                [!provide]                        PROVIDE (end, .)
                [!provide]                        PROVIDE (_end, .)
                0x0000000020004030                . = (. + _Min_Heap_Size)
 *fill*         0x0000000020003e30      0x200 
                0x0000000020004430                . = (. + _Min_Stack_Size)
 *fill*         0x0000000020004030      0x400 
                0x0000000020004430                . = ALIGN (0x8)

/DISCARD/
 libc.a(*)
 libm.a(*)
 libgcc.a(*)

.ARM.attributes
                0x0000000000000000       0x30
 *(.ARM.attributes)
 .ARM.attributes
                0x0000000000000000       0x22 /home/pablo/opt/gcc-arm-none-eabi-6-2017-q1-update/bin/../lib/gcc/arm-none-eabi/6.3.1/thumb/v7e-m/fpv4-sp/hard/crti.o
 .ARM.attributes
                0x0000000000000022       0x34 /home/pablo/opt/gcc-arm-none-eabi-6-2017-q1-update/bin/../lib/gcc/arm-none-eabi/6.3.1/thumb/v7e-m/fpv4-sp/hard/crtbegin.o
 .ARM.attributes
                0x0000000000000056       0x39 ./Src/lis3mdl/lis3mdl.o
 .ARM.attributes
                0x000000000000008f       0x39 ./Src/main.o
 .ARM.attributes
                0x00000000000000c8       0x39 ./Src/stm32f4xx_hal_msp.o
 .ARM.attributes
                0x0000000000000101       0x39 ./Src/stm32f4xx_hal_timebase_tim.o
 .ARM.attributes
                0x000000000000013a       0x39 ./Src/stm32f4xx_it.o
 .ARM.attributes
                0x0000000000000173       0x39 ./Src/system_stm32f4xx.o
 .ARM.attributes
                0x00000000000001ac       0x39 ./Middlewares/Third_Party/FreeRTOS/Source/portable/MemMang/heap_4.o
 .ARM.attributes
                0x00000000000001e5       0x39 ./Middlewares/Third_Party/FreeRTOS/Source/portable/GCC/ARM_CM4F/port.o
 .ARM.attributes
                0x000000000000021e       0x39 ./Middlewares/Third_Party/FreeRTOS/Source/CMSIS_RTOS/cmsis_os.o
 .ARM.attributes
                0x0000000000000257       0x39 ./Middlewares/Third_Party/FreeRTOS/Source/list.o
 .ARM.attributes
                0x0000000000000290       0x39 ./Middlewares/Third_Party/FreeRTOS/Source/tasks.o
 .ARM.attributes
                0x00000000000002c9       0x39 ./Drivers/STM32F4xx_HAL_Driver/Src/stm32f4xx_hal.o
 .ARM.attributes
                0x0000000000000302       0x39 ./Drivers/STM32F4xx_HAL_Driver/Src/stm32f4xx_hal_cortex.o
 .ARM.attributes
                0x000000000000033b       0x39 ./Drivers/STM32F4xx_HAL_Driver/Src/stm32f4xx_hal_dma.o
 .ARM.attributes
                0x0000000000000374       0x39 ./Drivers/STM32F4xx_HAL_Driver/Src/stm32f4xx_hal_gpio.o
 .ARM.attributes
                0x00000000000003ad       0x39 ./Drivers/STM32F4xx_HAL_Driver/Src/stm32f4xx_hal_i2c.o
 .ARM.attributes
                0x00000000000003e6       0x39 ./Drivers/STM32F4xx_HAL_Driver/Src/stm32f4xx_hal_rcc.o
 .ARM.attributes
                0x000000000000041f       0x39 ./Drivers/STM32F4xx_HAL_Driver/Src/stm32f4xx_hal_tim.o
 .ARM.attributes
                0x0000000000000458       0x39 ./Drivers/STM32F4xx_HAL_Driver/Src/stm32f4xx_hal_tim_ex.o
 .ARM.attributes
                0x0000000000000491       0x21 ./startup_stm32f407xx.o
 .ARM.attributes
                0x00000000000004b2       0x34 /home/pablo/opt/gcc-arm-none-eabi-6-2017-q1-update/bin/../lib/gcc/arm-none-eabi/6.3.1/../../../../arm-none-eabi/lib/thumb/v7e-m/fpv4-sp/hard/libc_nano.a(lib_a-init.o)
 .ARM.attributes
                0x00000000000004e6       0x34 /home/pablo/opt/gcc-arm-none-eabi-6-2017-q1-update/bin/../lib/gcc/arm-none-eabi/6.3.1/../../../../arm-none-eabi/lib/thumb/v7e-m/fpv4-sp/hard/libc_nano.a(lib_a-memset.o)
 .ARM.attributes
                0x000000000000051a       0x22 /home/pablo/opt/gcc-arm-none-eabi-6-2017-q1-update/bin/../lib/gcc/arm-none-eabi/6.3.1/thumb/v7e-m/fpv4-sp/hard/libgcc.a(_aeabi_uldivmod.o)
 .ARM.attributes
                0x000000000000053c       0x34 /home/pablo/opt/gcc-arm-none-eabi-6-2017-q1-update/bin/../lib/gcc/arm-none-eabi/6.3.1/thumb/v7e-m/fpv4-sp/hard/libgcc.a(_udivmoddi4.o)
 .ARM.attributes
                0x0000000000000570       0x22 /home/pablo/opt/gcc-arm-none-eabi-6-2017-q1-update/bin/../lib/gcc/arm-none-eabi/6.3.1/thumb/v7e-m/fpv4-sp/hard/libgcc.a(_dvmd_tls.o)
 .ARM.attributes
                0x0000000000000592       0x22 /home/pablo/opt/gcc-arm-none-eabi-6-2017-q1-update/bin/../lib/gcc/arm-none-eabi/6.3.1/thumb/v7e-m/fpv4-sp/hard/crtn.o
OUTPUT(Magnetometer.elf elf32-littlearm)

.debug_info     0x0000000000000000    0x162e5
 .debug_info    0x0000000000000000      0xd18 ./Src/lis3mdl/lis3mdl.o
 .debug_info    0x0000000000000d18     0x166e ./Src/main.o
 .debug_info    0x0000000000002386      0xcc7 ./Src/stm32f4xx_hal_msp.o
 .debug_info    0x000000000000304d      0xbae ./Src/stm32f4xx_hal_timebase_tim.o
 .debug_info    0x0000000000003bfb      0x9b9 ./Src/stm32f4xx_it.o
 .debug_info    0x00000000000045b4      0x50e ./Src/system_stm32f4xx.o
 .debug_info    0x0000000000004ac2      0xc78 ./Middlewares/Third_Party/FreeRTOS/Source/portable/MemMang/heap_4.o
 .debug_info    0x000000000000573a      0x576 ./Middlewares/Third_Party/FreeRTOS/Source/portable/GCC/ARM_CM4F/port.o
 .debug_info    0x0000000000005cb0     0x2314 ./Middlewares/Third_Party/FreeRTOS/Source/CMSIS_RTOS/cmsis_os.o
 .debug_info    0x0000000000007fc4      0xad9 ./Middlewares/Third_Party/FreeRTOS/Source/list.o
 .debug_info    0x0000000000008a9d     0x2a29 ./Middlewares/Third_Party/FreeRTOS/Source/tasks.o
 .debug_info    0x000000000000b4c6      0x9cf ./Drivers/STM32F4xx_HAL_Driver/Src/stm32f4xx_hal.o
 .debug_info    0x000000000000be95      0xf3f ./Drivers/STM32F4xx_HAL_Driver/Src/stm32f4xx_hal_cortex.o
 .debug_info    0x000000000000cdd4      0xa5c ./Drivers/STM32F4xx_HAL_Driver/Src/stm32f4xx_hal_dma.o
 .debug_info    0x000000000000d830      0x774 ./Drivers/STM32F4xx_HAL_Driver/Src/stm32f4xx_hal_gpio.o
 .debug_info    0x000000000000dfa4     0x3281 ./Drivers/STM32F4xx_HAL_Driver/Src/stm32f4xx_hal_i2c.o
 .debug_info    0x0000000000011225      0xa3d ./Drivers/STM32F4xx_HAL_Driver/Src/stm32f4xx_hal_rcc.o
 .debug_info    0x0000000000011c62     0x3188 ./Drivers/STM32F4xx_HAL_Driver/Src/stm32f4xx_hal_tim.o
 .debug_info    0x0000000000014dea     0x149a ./Drivers/STM32F4xx_HAL_Driver/Src/stm32f4xx_hal_tim_ex.o
 .debug_info    0x0000000000016284       0x61 ./startup_stm32f407xx.o

.debug_abbrev   0x0000000000000000     0x2d10
 .debug_abbrev  0x0000000000000000      0x225 ./Src/lis3mdl/lis3mdl.o
 .debug_abbrev  0x0000000000000225      0x2c1 ./Src/main.o
 .debug_abbrev  0x00000000000004e6      0x1b8 ./Src/stm32f4xx_hal_msp.o
 .debug_abbrev  0x000000000000069e      0x1ec ./Src/stm32f4xx_hal_timebase_tim.o
 .debug_abbrev  0x000000000000088a      0x19c ./Src/stm32f4xx_it.o
 .debug_abbrev  0x0000000000000a26      0x111 ./Src/system_stm32f4xx.o
 .debug_abbrev  0x0000000000000b37      0x318 ./Middlewares/Third_Party/FreeRTOS/Source/portable/MemMang/heap_4.o
 .debug_abbrev  0x0000000000000e4f      0x23d ./Middlewares/Third_Party/FreeRTOS/Source/portable/GCC/ARM_CM4F/port.o
 .debug_abbrev  0x000000000000108c      0x3d0 ./Middlewares/Third_Party/FreeRTOS/Source/CMSIS_RTOS/cmsis_os.o
 .debug_abbrev  0x000000000000145c      0x223 ./Middlewares/Third_Party/FreeRTOS/Source/list.o
 .debug_abbrev  0x000000000000167f      0x3af ./Middlewares/Third_Party/FreeRTOS/Source/tasks.o
 .debug_abbrev  0x0000000000001a2e      0x1ef ./Drivers/STM32F4xx_HAL_Driver/Src/stm32f4xx_hal.o
 .debug_abbrev  0x0000000000001c1d      0x326 ./Drivers/STM32F4xx_HAL_Driver/Src/stm32f4xx_hal_cortex.o
 .debug_abbrev  0x0000000000001f43      0x28e ./Drivers/STM32F4xx_HAL_Driver/Src/stm32f4xx_hal_dma.o
 .debug_abbrev  0x00000000000021d1      0x1e5 ./Drivers/STM32F4xx_HAL_Driver/Src/stm32f4xx_hal_gpio.o
 .debug_abbrev  0x00000000000023b6      0x282 ./Drivers/STM32F4xx_HAL_Driver/Src/stm32f4xx_hal_i2c.o
 .debug_abbrev  0x0000000000002638      0x271 ./Drivers/STM32F4xx_HAL_Driver/Src/stm32f4xx_hal_rcc.o
 .debug_abbrev  0x00000000000028a9      0x222 ./Drivers/STM32F4xx_HAL_Driver/Src/stm32f4xx_hal_tim.o
 .debug_abbrev  0x0000000000002acb      0x233 ./Drivers/STM32F4xx_HAL_Driver/Src/stm32f4xx_hal_tim_ex.o
 .debug_abbrev  0x0000000000002cfe       0x12 ./startup_stm32f407xx.o

.debug_loc      0x0000000000000000     0xcc6e
 .debug_loc     0x0000000000000000      0x4ef ./Src/lis3mdl/lis3mdl.o
 .debug_loc     0x00000000000004ef       0x95 ./Src/main.o
 .debug_loc     0x0000000000000584       0x74 ./Src/stm32f4xx_hal_msp.o
 .debug_loc     0x00000000000005f8       0x6a ./Src/stm32f4xx_hal_timebase_tim.o
 .debug_loc     0x0000000000000662      0x13e ./Src/system_stm32f4xx.o
 .debug_loc     0x00000000000007a0      0x2a0 ./Middlewares/Third_Party/FreeRTOS/Source/portable/MemMang/heap_4.o
 .debug_loc     0x0000000000000a40       0xdc ./Middlewares/Third_Party/FreeRTOS/Source/portable/GCC/ARM_CM4F/port.o
 .debug_loc     0x0000000000000b1c      0xfe2 ./Middlewares/Third_Party/FreeRTOS/Source/CMSIS_RTOS/cmsis_os.o
 .debug_loc     0x0000000000001afe       0x70 ./Middlewares/Third_Party/FreeRTOS/Source/list.o
 .debug_loc     0x0000000000001b6e     0x16ae ./Middlewares/Third_Party/FreeRTOS/Source/tasks.o
 .debug_loc     0x000000000000321c      0x108 ./Drivers/STM32F4xx_HAL_Driver/Src/stm32f4xx_hal.o
 .debug_loc     0x0000000000003324      0x616 ./Drivers/STM32F4xx_HAL_Driver/Src/stm32f4xx_hal_cortex.o
 .debug_loc     0x000000000000393a      0xae1 ./Drivers/STM32F4xx_HAL_Driver/Src/stm32f4xx_hal_dma.o
 .debug_loc     0x000000000000441b      0x3d5 ./Drivers/STM32F4xx_HAL_Driver/Src/stm32f4xx_hal_gpio.o
 .debug_loc     0x00000000000047f0     0x366d ./Drivers/STM32F4xx_HAL_Driver/Src/stm32f4xx_hal_i2c.o
 .debug_loc     0x0000000000007e5d      0x3e6 ./Drivers/STM32F4xx_HAL_Driver/Src/stm32f4xx_hal_rcc.o
 .debug_loc     0x0000000000008243     0x382f ./Drivers/STM32F4xx_HAL_Driver/Src/stm32f4xx_hal_tim.o
 .debug_loc     0x000000000000ba72     0x11fc ./Drivers/STM32F4xx_HAL_Driver/Src/stm32f4xx_hal_tim_ex.o

.debug_aranges  0x0000000000000000     0x1100
 .debug_aranges
                0x0000000000000000       0x78 ./Src/lis3mdl/lis3mdl.o
 .debug_aranges
                0x0000000000000078       0x58 ./Src/main.o
 .debug_aranges
                0x00000000000000d0       0x30 ./Src/stm32f4xx_hal_msp.o
 .debug_aranges
                0x0000000000000100       0x30 ./Src/stm32f4xx_hal_timebase_tim.o
 .debug_aranges
                0x0000000000000130       0x68 ./Src/stm32f4xx_it.o
 .debug_aranges
                0x0000000000000198       0x28 ./Src/system_stm32f4xx.o
 .debug_aranges
                0x00000000000001c0       0x50 ./Middlewares/Third_Party/FreeRTOS/Source/portable/MemMang/heap_4.o
 .debug_aranges
                0x0000000000000210       0x80 ./Middlewares/Third_Party/FreeRTOS/Source/portable/GCC/ARM_CM4F/port.o
 .debug_aranges
                0x0000000000000290      0x1d8 ./Middlewares/Third_Party/FreeRTOS/Source/CMSIS_RTOS/cmsis_os.o
 .debug_aranges
                0x0000000000000468       0x40 ./Middlewares/Third_Party/FreeRTOS/Source/list.o
 .debug_aranges
                0x00000000000004a8      0x1a0 ./Middlewares/Third_Party/FreeRTOS/Source/tasks.o
 .debug_aranges
                0x0000000000000648       0xf0 ./Drivers/STM32F4xx_HAL_Driver/Src/stm32f4xx_hal.o
 .debug_aranges
                0x0000000000000738       0xa8 ./Drivers/STM32F4xx_HAL_Driver/Src/stm32f4xx_hal_cortex.o
 .debug_aranges
                0x00000000000007e0       0x90 ./Drivers/STM32F4xx_HAL_Driver/Src/stm32f4xx_hal_dma.o
 .debug_aranges
                0x0000000000000870       0x58 ./Drivers/STM32F4xx_HAL_Driver/Src/stm32f4xx_hal_gpio.o
 .debug_aranges
                0x00000000000008c8      0x290 ./Drivers/STM32F4xx_HAL_Driver/Src/stm32f4xx_hal_i2c.o
 .debug_aranges
                0x0000000000000b58       0x88 ./Drivers/STM32F4xx_HAL_Driver/Src/stm32f4xx_hal_rcc.o
 .debug_aranges
                0x0000000000000be0      0x3a8 ./Drivers/STM32F4xx_HAL_Driver/Src/stm32f4xx_hal_tim.o
 .debug_aranges
                0x0000000000000f88      0x150 ./Drivers/STM32F4xx_HAL_Driver/Src/stm32f4xx_hal_tim_ex.o
 .debug_aranges
                0x00000000000010d8       0x28 ./startup_stm32f407xx.o

.debug_ranges   0x0000000000000000     0x10f0
 .debug_ranges  0x0000000000000000       0x68 ./Src/lis3mdl/lis3mdl.o
 .debug_ranges  0x0000000000000068       0x48 ./Src/main.o
 .debug_ranges  0x00000000000000b0       0x20 ./Src/stm32f4xx_hal_msp.o
 .debug_ranges  0x00000000000000d0       0x20 ./Src/stm32f4xx_hal_timebase_tim.o
 .debug_ranges  0x00000000000000f0       0x58 ./Src/stm32f4xx_it.o
 .debug_ranges  0x0000000000000148       0x18 ./Src/system_stm32f4xx.o
 .debug_ranges  0x0000000000000160       0x40 ./Middlewares/Third_Party/FreeRTOS/Source/portable/MemMang/heap_4.o
 .debug_ranges  0x00000000000001a0       0x70 ./Middlewares/Third_Party/FreeRTOS/Source/portable/GCC/ARM_CM4F/port.o
 .debug_ranges  0x0000000000000210      0x1c8 ./Middlewares/Third_Party/FreeRTOS/Source/CMSIS_RTOS/cmsis_os.o
 .debug_ranges  0x00000000000003d8       0x30 ./Middlewares/Third_Party/FreeRTOS/Source/list.o
 .debug_ranges  0x0000000000000408      0x228 ./Middlewares/Third_Party/FreeRTOS/Source/tasks.o
 .debug_ranges  0x0000000000000630       0xe0 ./Drivers/STM32F4xx_HAL_Driver/Src/stm32f4xx_hal.o
 .debug_ranges  0x0000000000000710       0xf8 ./Drivers/STM32F4xx_HAL_Driver/Src/stm32f4xx_hal_cortex.o
 .debug_ranges  0x0000000000000808       0x80 ./Drivers/STM32F4xx_HAL_Driver/Src/stm32f4xx_hal_dma.o
 .debug_ranges  0x0000000000000888       0x48 ./Drivers/STM32F4xx_HAL_Driver/Src/stm32f4xx_hal_gpio.o
 .debug_ranges  0x00000000000008d0      0x298 ./Drivers/STM32F4xx_HAL_Driver/Src/stm32f4xx_hal_i2c.o
 .debug_ranges  0x0000000000000b68       0x90 ./Drivers/STM32F4xx_HAL_Driver/Src/stm32f4xx_hal_rcc.o
 .debug_ranges  0x0000000000000bf8      0x398 ./Drivers/STM32F4xx_HAL_Driver/Src/stm32f4xx_hal_tim.o
 .debug_ranges  0x0000000000000f90      0x140 ./Drivers/STM32F4xx_HAL_Driver/Src/stm32f4xx_hal_tim_ex.o
 .debug_ranges  0x00000000000010d0       0x20 ./startup_stm32f407xx.o

.debug_macro    0x0000000000000000    0x224b8
 .debug_macro   0x0000000000000000      0x2a0 ./Src/lis3mdl/lis3mdl.o
 .debug_macro   0x00000000000002a0      0x8a4 ./Src/lis3mdl/lis3mdl.o
 .debug_macro   0x0000000000000b44      0x18c ./Src/lis3mdl/lis3mdl.o
 .debug_macro   0x0000000000000cd0       0x32 ./Src/lis3mdl/lis3mdl.o
 .debug_macro   0x0000000000000d02       0x2f ./Src/lis3mdl/lis3mdl.o
 .debug_macro   0x0000000000000d31       0x22 ./Src/lis3mdl/lis3mdl.o
 .debug_macro   0x0000000000000d53       0x87 ./Src/lis3mdl/lis3mdl.o
 .debug_macro   0x0000000000000dda       0x51 ./Src/lis3mdl/lis3mdl.o
 .debug_macro   0x0000000000000e2b       0xef ./Src/lis3mdl/lis3mdl.o
 .debug_macro   0x0000000000000f1a       0x6a ./Src/lis3mdl/lis3mdl.o
 .debug_macro   0x0000000000000f84      0x1df ./Src/lis3mdl/lis3mdl.o
 .debug_macro   0x0000000000001163       0x1c ./Src/lis3mdl/lis3mdl.o
 .debug_macro   0x000000000000117f       0x22 ./Src/lis3mdl/lis3mdl.o
 .debug_macro   0x00000000000011a1       0xdf ./Src/lis3mdl/lis3mdl.o
 .debug_macro   0x0000000000001280     0x102d ./Src/lis3mdl/lis3mdl.o
 .debug_macro   0x00000000000022ad      0x11f ./Src/lis3mdl/lis3mdl.o
 .debug_macro   0x00000000000023cc    0x15e43 ./Src/lis3mdl/lis3mdl.o
 .debug_macro   0x000000000001820f       0x43 ./Src/lis3mdl/lis3mdl.o
 .debug_macro   0x0000000000018252     0x35d4 ./Src/lis3mdl/lis3mdl.o
 .debug_macro   0x000000000001b826      0x174 ./Src/lis3mdl/lis3mdl.o
 .debug_macro   0x000000000001b99a       0x5a ./Src/lis3mdl/lis3mdl.o
 .debug_macro   0x000000000001b9f4      0x96b ./Src/lis3mdl/lis3mdl.o
 .debug_macro   0x000000000001c35f      0x9fe ./Src/lis3mdl/lis3mdl.o
 .debug_macro   0x000000000001cd5d       0xed ./Src/lis3mdl/lis3mdl.o
 .debug_macro   0x000000000001ce4a      0x117 ./Src/lis3mdl/lis3mdl.o
 .debug_macro   0x000000000001cf61      0x13e ./Src/lis3mdl/lis3mdl.o
 .debug_macro   0x000000000001d09f       0x27 ./Src/lis3mdl/lis3mdl.o
 .debug_macro   0x000000000001d0c6      0x287 ./Src/lis3mdl/lis3mdl.o
 .debug_macro   0x000000000001d34d       0x5f ./Src/lis3mdl/lis3mdl.o
 .debug_macro   0x000000000001d3ac      0x236 ./Src/lis3mdl/lis3mdl.o
 .debug_macro   0x000000000001d5e2      0x12c ./Src/lis3mdl/lis3mdl.o
 .debug_macro   0x000000000001d70e      0x21e ./Src/lis3mdl/lis3mdl.o
 .debug_macro   0x000000000001d92c       0x2e ./Src/lis3mdl/lis3mdl.o
 .debug_macro   0x000000000001d95a      0x1ae ./Src/lis3mdl/lis3mdl.o
 .debug_macro   0x000000000001db08       0xd6 ./Src/lis3mdl/lis3mdl.o
 .debug_macro   0x000000000001dbde      0x11a ./Src/lis3mdl/lis3mdl.o
 .debug_macro   0x000000000001dcf8       0x7e ./Src/lis3mdl/lis3mdl.o
 .debug_macro   0x000000000001dd76       0x89 ./Src/lis3mdl/lis3mdl.o
 .debug_macro   0x000000000001ddff      0x87d ./Src/lis3mdl/lis3mdl.o
 .debug_macro   0x000000000001e67c       0x47 ./Src/lis3mdl/lis3mdl.o
 .debug_macro   0x000000000001e6c3      0x12d ./Src/lis3mdl/lis3mdl.o
 .debug_macro   0x000000000001e7f0      0x166 ./Src/lis3mdl/lis3mdl.o
 .debug_macro   0x000000000001e956       0xd6 ./Src/lis3mdl/lis3mdl.o
 .debug_macro   0x000000000001ea2c      0x15a ./Src/lis3mdl/lis3mdl.o
 .debug_macro   0x000000000001eb86       0xd7 ./Src/lis3mdl/lis3mdl.o
 .debug_macro   0x000000000001ec5d       0x10 ./Src/lis3mdl/lis3mdl.o
 .debug_macro   0x000000000001ec6d       0x1f ./Src/lis3mdl/lis3mdl.o
 .debug_macro   0x000000000001ec8c      0x4b7 ./Src/lis3mdl/lis3mdl.o
 .debug_macro   0x000000000001f143       0xb5 ./Src/lis3mdl/lis3mdl.o
 .debug_macro   0x000000000001f1f8       0x8c ./Src/lis3mdl/lis3mdl.o
 .debug_macro   0x000000000001f284       0x91 ./Src/lis3mdl/lis3mdl.o
 .debug_macro   0x000000000001f315       0x86 ./Src/lis3mdl/lis3mdl.o
 .debug_macro   0x000000000001f39b       0x69 ./Src/lis3mdl/lis3mdl.o
 .debug_macro   0x000000000001f404       0x19 ./Src/lis3mdl/lis3mdl.o
 .debug_macro   0x000000000001f41d       0xcf ./Src/lis3mdl/lis3mdl.o
 .debug_macro   0x000000000001f4ec      0x2a4 ./Src/main.o
 .debug_macro   0x000000000001f790      0x16c ./Src/main.o
 .debug_macro   0x000000000001f8fc      0x1e8 ./Src/stm32f4xx_hal_msp.o
 .debug_macro   0x000000000001fae4      0x1de ./Src/stm32f4xx_hal_timebase_tim.o
 .debug_macro   0x000000000001fcc2      0x2a5 ./Src/stm32f4xx_it.o
 .debug_macro   0x000000000001ff67      0x1e4 ./Src/system_stm32f4xx.o
 .debug_macro   0x000000000002014b      0x1a2 ./Middlewares/Third_Party/FreeRTOS/Source/portable/MemMang/heap_4.o
 .debug_macro   0x00000000000202ed       0x52 ./Middlewares/Third_Party/FreeRTOS/Source/portable/MemMang/heap_4.o
 .debug_macro   0x000000000002033f       0x8d ./Middlewares/Third_Party/FreeRTOS/Source/portable/MemMang/heap_4.o
 .debug_macro   0x00000000000203cc       0x35 ./Middlewares/Third_Party/FreeRTOS/Source/portable/MemMang/heap_4.o
 .debug_macro   0x0000000000020401       0x9c ./Middlewares/Third_Party/FreeRTOS/Source/portable/MemMang/heap_4.o
 .debug_macro   0x000000000002049d       0x16 ./Middlewares/Third_Party/FreeRTOS/Source/portable/MemMang/heap_4.o
 .debug_macro   0x00000000000204b3      0x10e ./Middlewares/Third_Party/FreeRTOS/Source/portable/MemMang/heap_4.o
 .debug_macro   0x00000000000205c1       0x8d ./Middlewares/Third_Party/FreeRTOS/Source/portable/MemMang/heap_4.o
 .debug_macro   0x000000000002064e       0x57 ./Middlewares/Third_Party/FreeRTOS/Source/portable/MemMang/heap_4.o
 .debug_macro   0x00000000000206a5       0x58 ./Middlewares/Third_Party/FreeRTOS/Source/portable/MemMang/heap_4.o
 .debug_macro   0x00000000000206fd       0x1f ./Middlewares/Third_Party/FreeRTOS/Source/portable/MemMang/heap_4.o
 .debug_macro   0x000000000002071c       0x43 ./Middlewares/Third_Party/FreeRTOS/Source/portable/MemMang/heap_4.o
 .debug_macro   0x000000000002075f       0x20 ./Middlewares/Third_Party/FreeRTOS/Source/portable/MemMang/heap_4.o
 .debug_macro   0x000000000002077f      0x187 ./Middlewares/Third_Party/FreeRTOS/Source/portable/MemMang/heap_4.o
 .debug_macro   0x0000000000020906      0x30d ./Middlewares/Third_Party/FreeRTOS/Source/portable/MemMang/heap_4.o
 .debug_macro   0x0000000000020c13       0x16 ./Middlewares/Third_Party/FreeRTOS/Source/portable/MemMang/heap_4.o
 .debug_macro   0x0000000000020c29       0x29 ./Middlewares/Third_Party/FreeRTOS/Source/portable/MemMang/heap_4.o
 .debug_macro   0x0000000000020c52      0x196 ./Middlewares/Third_Party/FreeRTOS/Source/portable/GCC/ARM_CM4F/port.o
 .debug_macro   0x0000000000020de8      0x1e3 ./Middlewares/Third_Party/FreeRTOS/Source/CMSIS_RTOS/cmsis_os.o
 .debug_macro   0x0000000000020fcb       0x10 ./Middlewares/Third_Party/FreeRTOS/Source/CMSIS_RTOS/cmsis_os.o
 .debug_macro   0x0000000000020fdb       0x35 ./Middlewares/Third_Party/FreeRTOS/Source/CMSIS_RTOS/cmsis_os.o
 .debug_macro   0x0000000000021010       0xc7 ./Middlewares/Third_Party/FreeRTOS/Source/CMSIS_RTOS/cmsis_os.o
 .debug_macro   0x00000000000210d7      0x17b ./Middlewares/Third_Party/FreeRTOS/Source/list.o
 .debug_macro   0x0000000000021252      0x265 ./Middlewares/Third_Party/FreeRTOS/Source/tasks.o
 .debug_macro   0x00000000000214b7       0x10 ./Middlewares/Third_Party/FreeRTOS/Source/tasks.o
 .debug_macro   0x00000000000214c7      0x23e ./Drivers/STM32F4xx_HAL_Driver/Src/stm32f4xx_hal.o
 .debug_macro   0x0000000000021705      0x1de ./Drivers/STM32F4xx_HAL_Driver/Src/stm32f4xx_hal_cortex.o
 .debug_macro   0x00000000000218e3      0x1e4 ./Drivers/STM32F4xx_HAL_Driver/Src/stm32f4xx_hal_dma.o
 .debug_macro   0x0000000000021ac7      0x214 ./Drivers/STM32F4xx_HAL_Driver/Src/stm32f4xx_hal_gpio.o
 .debug_macro   0x0000000000021cdb      0x21e ./Drivers/STM32F4xx_HAL_Driver/Src/stm32f4xx_hal_i2c.o
 .debug_macro   0x0000000000021ef9      0x202 ./Drivers/STM32F4xx_HAL_Driver/Src/stm32f4xx_hal_rcc.o
 .debug_macro   0x00000000000220fb      0x1df ./Drivers/STM32F4xx_HAL_Driver/Src/stm32f4xx_hal_tim.o
 .debug_macro   0x00000000000222da      0x1de ./Drivers/STM32F4xx_HAL_Driver/Src/stm32f4xx_hal_tim_ex.o

.debug_line     0x0000000000000000     0xb874
 .debug_line    0x0000000000000000      0x8a0 ./Src/lis3mdl/lis3mdl.o
 .debug_line    0x00000000000008a0      0x847 ./Src/main.o
 .debug_line    0x00000000000010e7      0x5f5 ./Src/stm32f4xx_hal_msp.o
 .debug_line    0x00000000000016dc      0x5e6 ./Src/stm32f4xx_hal_timebase_tim.o
 .debug_line    0x0000000000001cc2      0x823 ./Src/stm32f4xx_it.o
 .debug_line    0x00000000000024e5      0x5df ./Src/system_stm32f4xx.o
 .debug_line    0x0000000000002ac4      0x515 ./Middlewares/Third_Party/FreeRTOS/Source/portable/MemMang/heap_4.o
 .debug_line    0x0000000000002fd9      0x50d ./Middlewares/Third_Party/FreeRTOS/Source/portable/GCC/ARM_CM4F/port.o
 .debug_line    0x00000000000034e6      0xa9e ./Middlewares/Third_Party/FreeRTOS/Source/CMSIS_RTOS/cmsis_os.o
 .debug_line    0x0000000000003f84      0x463 ./Middlewares/Third_Party/FreeRTOS/Source/list.o
 .debug_line    0x00000000000043e7      0xd34 ./Middlewares/Third_Party/FreeRTOS/Source/tasks.o
 .debug_line    0x000000000000511b      0x7af ./Drivers/STM32F4xx_HAL_Driver/Src/stm32f4xx_hal.o
 .debug_line    0x00000000000058ca      0x7e5 ./Drivers/STM32F4xx_HAL_Driver/Src/stm32f4xx_hal_cortex.o
 .debug_line    0x00000000000060af      0x8da ./Drivers/STM32F4xx_HAL_Driver/Src/stm32f4xx_hal_dma.o
 .debug_line    0x0000000000006989      0x745 ./Drivers/STM32F4xx_HAL_Driver/Src/stm32f4xx_hal_gpio.o
 .debug_line    0x00000000000070ce     0x1b21 ./Drivers/STM32F4xx_HAL_Driver/Src/stm32f4xx_hal_i2c.o
 .debug_line    0x0000000000008bef      0x81b ./Drivers/STM32F4xx_HAL_Driver/Src/stm32f4xx_hal_rcc.o
 .debug_line    0x000000000000940a     0x1819 ./Drivers/STM32F4xx_HAL_Driver/Src/stm32f4xx_hal_tim.o
 .debug_line    0x000000000000ac23      0xbda ./Drivers/STM32F4xx_HAL_Driver/Src/stm32f4xx_hal_tim_ex.o
 .debug_line    0x000000000000b7fd       0x77 ./startup_stm32f407xx.o

.debug_str      0x0000000000000000    0xcf37a
 .debug_str     0x0000000000000000    0xc6617 ./Src/lis3mdl/lis3mdl.o
                                      0xc6954 (size before relaxing)
 .debug_str     0x00000000000c6617      0xccc ./Src/main.o
                                      0xc7554 (size before relaxing)
 .debug_str     0x00000000000c72e3       0x72 ./Src/stm32f4xx_hal_msp.o
                                      0xc135e (size before relaxing)
 .debug_str     0x00000000000c7355       0xe7 ./Src/stm32f4xx_hal_timebase_tim.o
                                      0xc130d (size before relaxing)
 .debug_str     0x00000000000c743c      0x137 ./Src/stm32f4xx_it.o
                                      0xc65b4 (size before relaxing)
 .debug_str     0x00000000000c7573       0xbf ./Src/system_stm32f4xx.o
                                      0xc091b (size before relaxing)
 .debug_str     0x00000000000c7632     0x2f1b ./Middlewares/Third_Party/FreeRTOS/Source/portable/MemMang/heap_4.o
                                       0xa0e6 (size before relaxing)
 .debug_str     0x00000000000ca54d      0x87a ./Middlewares/Third_Party/FreeRTOS/Source/portable/GCC/ARM_CM4F/port.o
                                       0x7a4d (size before relaxing)
 .debug_str     0x00000000000cadc7      0x82b ./Middlewares/Third_Party/FreeRTOS/Source/CMSIS_RTOS/cmsis_os.o
                                       0xcd63 (size before relaxing)
 .debug_str     0x00000000000cb5f2      0x13d ./Middlewares/Third_Party/FreeRTOS/Source/list.o
                                       0x99a4 (size before relaxing)
 .debug_str     0x00000000000cb72f     0x1077 ./Middlewares/Third_Party/FreeRTOS/Source/tasks.o
                                       0xbaf2 (size before relaxing)
 .debug_str     0x00000000000cc7a6      0x5d1 ./Drivers/STM32F4xx_HAL_Driver/Src/stm32f4xx_hal.o
                                      0xc14a6 (size before relaxing)
 .debug_str     0x00000000000ccd77      0x317 ./Drivers/STM32F4xx_HAL_Driver/Src/stm32f4xx_hal_cortex.o
                                      0xc11dc (size before relaxing)
 .debug_str     0x00000000000cd08e      0x31d ./Drivers/STM32F4xx_HAL_Driver/Src/stm32f4xx_hal_dma.o
                                      0xc0d41 (size before relaxing)
 .debug_str     0x00000000000cd3ab      0x1cc ./Drivers/STM32F4xx_HAL_Driver/Src/stm32f4xx_hal_gpio.o
                                      0xc0b5f (size before relaxing)
 .debug_str     0x00000000000cd577      0xa17 ./Drivers/STM32F4xx_HAL_Driver/Src/stm32f4xx_hal_i2c.o
                                      0xc18a6 (size before relaxing)
 .debug_str     0x00000000000cdf8e      0x1d2 ./Drivers/STM32F4xx_HAL_Driver/Src/stm32f4xx_hal_rcc.o
                                      0xc0d29 (size before relaxing)
 .debug_str     0x00000000000ce160      0xd46 ./Drivers/STM32F4xx_HAL_Driver/Src/stm32f4xx_hal_tim.o
                                      0xc1a7f (size before relaxing)
 .debug_str     0x00000000000ceea6      0x4d4 ./Drivers/STM32F4xx_HAL_Driver/Src/stm32f4xx_hal_tim_ex.o
                                      0xc1297 (size before relaxing)

.comment        0x0000000000000000       0x7f
 .comment       0x0000000000000000       0x7f ./Src/lis3mdl/lis3mdl.o
                                         0x80 (size before relaxing)
 .comment       0x000000000000007f       0x80 ./Src/main.o
 .comment       0x000000000000007f       0x80 ./Src/stm32f4xx_hal_msp.o
 .comment       0x000000000000007f       0x80 ./Src/stm32f4xx_hal_timebase_tim.o
 .comment       0x000000000000007f       0x80 ./Src/stm32f4xx_it.o
 .comment       0x000000000000007f       0x80 ./Src/system_stm32f4xx.o
 .comment       0x000000000000007f       0x80 ./Middlewares/Third_Party/FreeRTOS/Source/portable/MemMang/heap_4.o
 .comment       0x000000000000007f       0x80 ./Middlewares/Third_Party/FreeRTOS/Source/portable/GCC/ARM_CM4F/port.o
 .comment       0x000000000000007f       0x80 ./Middlewares/Third_Party/FreeRTOS/Source/CMSIS_RTOS/cmsis_os.o
 .comment       0x000000000000007f       0x80 ./Middlewares/Third_Party/FreeRTOS/Source/list.o
 .comment       0x000000000000007f       0x80 ./Middlewares/Third_Party/FreeRTOS/Source/tasks.o
 .comment       0x000000000000007f       0x80 ./Drivers/STM32F4xx_HAL_Driver/Src/stm32f4xx_hal.o
 .comment       0x000000000000007f       0x80 ./Drivers/STM32F4xx_HAL_Driver/Src/stm32f4xx_hal_cortex.o
 .comment       0x000000000000007f       0x80 ./Drivers/STM32F4xx_HAL_Driver/Src/stm32f4xx_hal_dma.o
 .comment       0x000000000000007f       0x80 ./Drivers/STM32F4xx_HAL_Driver/Src/stm32f4xx_hal_gpio.o
 .comment       0x000000000000007f       0x80 ./Drivers/STM32F4xx_HAL_Driver/Src/stm32f4xx_hal_i2c.o
 .comment       0x000000000000007f       0x80 ./Drivers/STM32F4xx_HAL_Driver/Src/stm32f4xx_hal_rcc.o
 .comment       0x000000000000007f       0x80 ./Drivers/STM32F4xx_HAL_Driver/Src/stm32f4xx_hal_tim.o
 .comment       0x000000000000007f       0x80 ./Drivers/STM32F4xx_HAL_Driver/Src/stm32f4xx_hal_tim_ex.o

.debug_frame    0x0000000000000000     0x2f8c
 .debug_frame   0x0000000000000000      0x170 ./Src/lis3mdl/lis3mdl.o
 .debug_frame   0x0000000000000170       0xd8 ./Src/main.o
 .debug_frame   0x0000000000000248       0x68 ./Src/stm32f4xx_hal_msp.o
 .debug_frame   0x00000000000002b0       0x50 ./Src/stm32f4xx_hal_timebase_tim.o
 .debug_frame   0x0000000000000300       0xd0 ./Src/stm32f4xx_it.o
 .debug_frame   0x00000000000003d0       0x30 ./Src/system_stm32f4xx.o
 .debug_frame   0x0000000000000400       0xac ./Middlewares/Third_Party/FreeRTOS/Source/portable/MemMang/heap_4.o
 .debug_frame   0x00000000000004ac      0x100 ./Middlewares/Third_Party/FreeRTOS/Source/portable/GCC/ARM_CM4F/port.o
 .debug_frame   0x00000000000005ac      0x584 ./Middlewares/Third_Party/FreeRTOS/Source/CMSIS_RTOS/cmsis_os.o
 .debug_frame   0x0000000000000b30       0x6c ./Middlewares/Third_Party/FreeRTOS/Source/list.o
 .debug_frame   0x0000000000000b9c      0x510 ./Middlewares/Third_Party/FreeRTOS/Source/tasks.o
 .debug_frame   0x00000000000010ac      0x1ec ./Drivers/STM32F4xx_HAL_Driver/Src/stm32f4xx_hal.o
 .debug_frame   0x0000000000001298      0x15c ./Drivers/STM32F4xx_HAL_Driver/Src/stm32f4xx_hal_cortex.o
 .debug_frame   0x00000000000013f4      0x17c ./Drivers/STM32F4xx_HAL_Driver/Src/stm32f4xx_hal_dma.o
 .debug_frame   0x0000000000001570       0xd0 ./Drivers/STM32F4xx_HAL_Driver/Src/stm32f4xx_hal_gpio.o
 .debug_frame   0x0000000000001640      0x8ec ./Drivers/STM32F4xx_HAL_Driver/Src/stm32f4xx_hal_i2c.o
 .debug_frame   0x0000000000001f2c      0x174 ./Drivers/STM32F4xx_HAL_Driver/Src/stm32f4xx_hal_rcc.o
 .debug_frame   0x00000000000020a0      0xa88 ./Drivers/STM32F4xx_HAL_Driver/Src/stm32f4xx_hal_tim.o
 .debug_frame   0x0000000000002b28      0x3b8 ./Drivers/STM32F4xx_HAL_Driver/Src/stm32f4xx_hal_tim_ex.o
 .debug_frame   0x0000000000002ee0       0x2c /home/pablo/opt/gcc-arm-none-eabi-6-2017-q1-update/bin/../lib/gcc/arm-none-eabi/6.3.1/../../../../arm-none-eabi/lib/thumb/v7e-m/fpv4-sp/hard/libc_nano.a(lib_a-init.o)
 .debug_frame   0x0000000000002f0c       0x20 /home/pablo/opt/gcc-arm-none-eabi-6-2017-q1-update/bin/../lib/gcc/arm-none-eabi/6.3.1/../../../../arm-none-eabi/lib/thumb/v7e-m/fpv4-sp/hard/libc_nano.a(lib_a-memset.o)
 .debug_frame   0x0000000000002f2c       0x2c /home/pablo/opt/gcc-arm-none-eabi-6-2017-q1-update/bin/../lib/gcc/arm-none-eabi/6.3.1/thumb/v7e-m/fpv4-sp/hard/libgcc.a(_aeabi_uldivmod.o)
 .debug_frame   0x0000000000002f58       0x34 /home/pablo/opt/gcc-arm-none-eabi-6-2017-q1-update/bin/../lib/gcc/arm-none-eabi/6.3.1/thumb/v7e-m/fpv4-sp/hard/libgcc.a(_udivmoddi4.o)

Cross Reference Table

Symbol                                            File
ADC_IRQHandler                                    ./startup_stm32f407xx.o
AHBPrescTable                                     ./Src/system_stm32f4xx.o
                                                  ./Drivers/STM32F4xx_HAL_Driver/Src/stm32f4xx_hal_rcc.o
APBPrescTable                                     ./Src/system_stm32f4xx.o
                                                  ./Drivers/STM32F4xx_HAL_Driver/Src/stm32f4xx_hal_rcc.o
BusFault_Handler                                  ./Src/stm32f4xx_it.o
CAN1_RX0_IRQHandler                               ./startup_stm32f407xx.o
CAN1_RX1_IRQHandler                               ./startup_stm32f407xx.o
CAN1_SCE_IRQHandler                               ./startup_stm32f407xx.o
CAN1_TX_IRQHandler                                ./startup_stm32f407xx.o
CAN2_RX0_IRQHandler                               ./startup_stm32f407xx.o
CAN2_RX1_IRQHandler                               ./startup_stm32f407xx.o
CAN2_SCE_IRQHandler                               ./startup_stm32f407xx.o
CAN2_TX_IRQHandler                                ./startup_stm32f407xx.o
DCMI_IRQHandler                                   ./startup_stm32f407xx.o
DMA1_Stream0_IRQHandler                           ./startup_stm32f407xx.o
DMA1_Stream1_IRQHandler                           ./startup_stm32f407xx.o
DMA1_Stream2_IRQHandler                           ./startup_stm32f407xx.o
DMA1_Stream3_IRQHandler                           ./startup_stm32f407xx.o
DMA1_Stream4_IRQHandler                           ./startup_stm32f407xx.o
DMA1_Stream5_IRQHandler                           ./startup_stm32f407xx.o
DMA1_Stream6_IRQHandler                           ./startup_stm32f407xx.o
DMA1_Stream7_IRQHandler                           ./startup_stm32f407xx.o
DMA2_Stream0_IRQHandler                           ./startup_stm32f407xx.o
DMA2_Stream1_IRQHandler                           ./startup_stm32f407xx.o
DMA2_Stream2_IRQHandler                           ./startup_stm32f407xx.o
DMA2_Stream3_IRQHandler                           ./startup_stm32f407xx.o
DMA2_Stream4_IRQHandler                           ./startup_stm32f407xx.o
DMA2_Stream5_IRQHandler                           ./startup_stm32f407xx.o
DMA2_Stream6_IRQHandler                           ./startup_stm32f407xx.o
DMA2_Stream7_IRQHandler                           ./startup_stm32f407xx.o
DebugMon_Handler                                  ./Src/stm32f4xx_it.o
Default_Handler                                   ./startup_stm32f407xx.o
ETH_IRQHandler                                    ./startup_stm32f407xx.o
ETH_WKUP_IRQHandler                               ./startup_stm32f407xx.o
EXTI0_IRQHandler                                  ./startup_stm32f407xx.o
EXTI15_10_IRQHandler                              ./startup_stm32f407xx.o
EXTI1_IRQHandler                                  ./startup_stm32f407xx.o
EXTI2_IRQHandler                                  ./startup_stm32f407xx.o
EXTI3_IRQHandler                                  ./startup_stm32f407xx.o
EXTI4_IRQHandler                                  ./startup_stm32f407xx.o
EXTI9_5_IRQHandler                                ./Src/stm32f4xx_it.o
Error_Handler                                     ./Src/main.o
FLASH_Erase_Sector                                ./Drivers/STM32F4xx_HAL_Driver/Src/stm32f4xx_hal_flash_ex.o
                                                  ./Drivers/STM32F4xx_HAL_Driver/Src/stm32f4xx_hal_flash.o
FLASH_FlushCaches                                 ./Drivers/STM32F4xx_HAL_Driver/Src/stm32f4xx_hal_flash_ex.o
                                                  ./Drivers/STM32F4xx_HAL_Driver/Src/stm32f4xx_hal_flash.o
FLASH_IRQHandler                                  ./startup_stm32f407xx.o
FLASH_WaitForLastOperation                        ./Drivers/STM32F4xx_HAL_Driver/Src/stm32f4xx_hal_flash.o
                                                  ./Drivers/STM32F4xx_HAL_Driver/Src/stm32f4xx_hal_flash_ex.o
FPU_IRQHandler                                    ./startup_stm32f407xx.o
FSMC_IRQHandler                                   ./startup_stm32f407xx.o
HAL_DBGMCU_DisableDBGSleepMode                    ./Drivers/STM32F4xx_HAL_Driver/Src/stm32f4xx_hal.o
HAL_DBGMCU_DisableDBGStandbyMode                  ./Drivers/STM32F4xx_HAL_Driver/Src/stm32f4xx_hal.o
HAL_DBGMCU_DisableDBGStopMode                     ./Drivers/STM32F4xx_HAL_Driver/Src/stm32f4xx_hal.o
HAL_DBGMCU_EnableDBGSleepMode                     ./Drivers/STM32F4xx_HAL_Driver/Src/stm32f4xx_hal.o
HAL_DBGMCU_EnableDBGStandbyMode                   ./Drivers/STM32F4xx_HAL_Driver/Src/stm32f4xx_hal.o
HAL_DBGMCU_EnableDBGStopMode                      ./Drivers/STM32F4xx_HAL_Driver/Src/stm32f4xx_hal.o
HAL_DMAEx_ChangeMemory                            ./Drivers/STM32F4xx_HAL_Driver/Src/stm32f4xx_hal_dma_ex.o
HAL_DMAEx_MultiBufferStart                        ./Drivers/STM32F4xx_HAL_Driver/Src/stm32f4xx_hal_dma_ex.o
HAL_DMAEx_MultiBufferStart_IT                     ./Drivers/STM32F4xx_HAL_Driver/Src/stm32f4xx_hal_dma_ex.o
HAL_DMA_Abort                                     ./Drivers/STM32F4xx_HAL_Driver/Src/stm32f4xx_hal_dma.o
HAL_DMA_Abort_IT                                  ./Drivers/STM32F4xx_HAL_Driver/Src/stm32f4xx_hal_dma.o
                                                  ./Drivers/STM32F4xx_HAL_Driver/Src/stm32f4xx_hal_tim_ex.o
                                                  ./Drivers/STM32F4xx_HAL_Driver/Src/stm32f4xx_hal_tim.o
                                                  ./Drivers/STM32F4xx_HAL_Driver/Src/stm32f4xx_hal_i2c.o
HAL_DMA_DeInit                                    ./Drivers/STM32F4xx_HAL_Driver/Src/stm32f4xx_hal_dma.o
HAL_DMA_GetError                                  ./Drivers/STM32F4xx_HAL_Driver/Src/stm32f4xx_hal_dma.o
                                                  ./Drivers/STM32F4xx_HAL_Driver/Src/stm32f4xx_hal_i2c.o
HAL_DMA_GetState                                  ./Drivers/STM32F4xx_HAL_Driver/Src/stm32f4xx_hal_dma.o
                                                  ./Drivers/STM32F4xx_HAL_Driver/Src/stm32f4xx_hal_i2c.o
HAL_DMA_IRQHandler                                ./Drivers/STM32F4xx_HAL_Driver/Src/stm32f4xx_hal_dma.o
HAL_DMA_Init                                      ./Drivers/STM32F4xx_HAL_Driver/Src/stm32f4xx_hal_dma.o
HAL_DMA_PollForTransfer                           ./Drivers/STM32F4xx_HAL_Driver/Src/stm32f4xx_hal_dma.o
HAL_DMA_RegisterCallback                          ./Drivers/STM32F4xx_HAL_Driver/Src/stm32f4xx_hal_dma.o
HAL_DMA_Start                                     ./Drivers/STM32F4xx_HAL_Driver/Src/stm32f4xx_hal_dma.o
HAL_DMA_Start_IT                                  ./Drivers/STM32F4xx_HAL_Driver/Src/stm32f4xx_hal_dma.o
                                                  ./Drivers/STM32F4xx_HAL_Driver/Src/stm32f4xx_hal_tim_ex.o
                                                  ./Drivers/STM32F4xx_HAL_Driver/Src/stm32f4xx_hal_tim.o
                                                  ./Drivers/STM32F4xx_HAL_Driver/Src/stm32f4xx_hal_i2c.o
HAL_DMA_UnRegisterCallback                        ./Drivers/STM32F4xx_HAL_Driver/Src/stm32f4xx_hal_dma.o
HAL_DeInit                                        ./Drivers/STM32F4xx_HAL_Driver/Src/stm32f4xx_hal.o
HAL_Delay                                         ./Drivers/STM32F4xx_HAL_Driver/Src/stm32f4xx_hal.o
HAL_DisableCompensationCell                       ./Drivers/STM32F4xx_HAL_Driver/Src/stm32f4xx_hal.o
HAL_EXTI_ClearConfigLine                          ./Drivers/STM32F4xx_HAL_Driver/Src/stm32f4xx_hal_exti.o
HAL_EXTI_ClearPending                             ./Drivers/STM32F4xx_HAL_Driver/Src/stm32f4xx_hal_exti.o
HAL_EXTI_GenerateSWI                              ./Drivers/STM32F4xx_HAL_Driver/Src/stm32f4xx_hal_exti.o
HAL_EXTI_GetConfigLine                            ./Drivers/STM32F4xx_HAL_Driver/Src/stm32f4xx_hal_exti.o
HAL_EXTI_GetHandle                                ./Drivers/STM32F4xx_HAL_Driver/Src/stm32f4xx_hal_exti.o
HAL_EXTI_GetPending                               ./Drivers/STM32F4xx_HAL_Driver/Src/stm32f4xx_hal_exti.o
HAL_EXTI_IRQHandler                               ./Drivers/STM32F4xx_HAL_Driver/Src/stm32f4xx_hal_exti.o
HAL_EXTI_RegisterCallback                         ./Drivers/STM32F4xx_HAL_Driver/Src/stm32f4xx_hal_exti.o
HAL_EXTI_SetConfigLine                            ./Drivers/STM32F4xx_HAL_Driver/Src/stm32f4xx_hal_exti.o
HAL_EnableCompensationCell                        ./Drivers/STM32F4xx_HAL_Driver/Src/stm32f4xx_hal.o
HAL_FLASHEx_Erase                                 ./Drivers/STM32F4xx_HAL_Driver/Src/stm32f4xx_hal_flash_ex.o
HAL_FLASHEx_Erase_IT                              ./Drivers/STM32F4xx_HAL_Driver/Src/stm32f4xx_hal_flash_ex.o
HAL_FLASHEx_OBGetConfig                           ./Drivers/STM32F4xx_HAL_Driver/Src/stm32f4xx_hal_flash_ex.o
HAL_FLASHEx_OBProgram                             ./Drivers/STM32F4xx_HAL_Driver/Src/stm32f4xx_hal_flash_ex.o
HAL_FLASH_EndOfOperationCallback                  ./Drivers/STM32F4xx_HAL_Driver/Src/stm32f4xx_hal_flash.o
HAL_FLASH_GetError                                ./Drivers/STM32F4xx_HAL_Driver/Src/stm32f4xx_hal_flash.o
HAL_FLASH_IRQHandler                              ./Drivers/STM32F4xx_HAL_Driver/Src/stm32f4xx_hal_flash.o
HAL_FLASH_Lock                                    ./Drivers/STM32F4xx_HAL_Driver/Src/stm32f4xx_hal_flash.o
HAL_FLASH_OB_Launch                               ./Drivers/STM32F4xx_HAL_Driver/Src/stm32f4xx_hal_flash.o
HAL_FLASH_OB_Lock                                 ./Drivers/STM32F4xx_HAL_Driver/Src/stm32f4xx_hal_flash.o
HAL_FLASH_OB_Unlock                               ./Drivers/STM32F4xx_HAL_Driver/Src/stm32f4xx_hal_flash.o
HAL_FLASH_OperationErrorCallback                  ./Drivers/STM32F4xx_HAL_Driver/Src/stm32f4xx_hal_flash.o
HAL_FLASH_Program                                 ./Drivers/STM32F4xx_HAL_Driver/Src/stm32f4xx_hal_flash.o
HAL_FLASH_Program_IT                              ./Drivers/STM32F4xx_HAL_Driver/Src/stm32f4xx_hal_flash.o
HAL_FLASH_Unlock                                  ./Drivers/STM32F4xx_HAL_Driver/Src/stm32f4xx_hal_flash.o
HAL_GPIO_DeInit                                   ./Drivers/STM32F4xx_HAL_Driver/Src/stm32f4xx_hal_gpio.o
                                                  ./Src/stm32f4xx_hal_msp.o
HAL_GPIO_EXTI_Callback                            ./Src/main.o
HAL_GPIO_EXTI_IRQHandler                          ./Drivers/STM32F4xx_HAL_Driver/Src/stm32f4xx_hal_gpio.o
                                                  ./Src/stm32f4xx_it.o
HAL_GPIO_Init                                     ./Drivers/STM32F4xx_HAL_Driver/Src/stm32f4xx_hal_gpio.o
                                                  ./Drivers/STM32F4xx_HAL_Driver/Src/stm32f4xx_hal_rcc.o
                                                  ./Src/stm32f4xx_hal_msp.o
                                                  ./Src/main.o
HAL_GPIO_LockPin                                  ./Drivers/STM32F4xx_HAL_Driver/Src/stm32f4xx_hal_gpio.o
HAL_GPIO_ReadPin                                  ./Drivers/STM32F4xx_HAL_Driver/Src/stm32f4xx_hal_gpio.o
HAL_GPIO_TogglePin                                ./Drivers/STM32F4xx_HAL_Driver/Src/stm32f4xx_hal_gpio.o
HAL_GPIO_WritePin                                 ./Drivers/STM32F4xx_HAL_Driver/Src/stm32f4xx_hal_gpio.o
HAL_GetDEVID                                      ./Drivers/STM32F4xx_HAL_Driver/Src/stm32f4xx_hal.o
HAL_GetHalVersion                                 ./Drivers/STM32F4xx_HAL_Driver/Src/stm32f4xx_hal.o
HAL_GetREVID                                      ./Drivers/STM32F4xx_HAL_Driver/Src/stm32f4xx_hal.o
HAL_GetTick                                       ./Drivers/STM32F4xx_HAL_Driver/Src/stm32f4xx_hal.o
                                                  ./Drivers/STM32F4xx_HAL_Driver/Src/stm32f4xx_hal_rcc_ex.o
                                                  ./Drivers/STM32F4xx_HAL_Driver/Src/stm32f4xx_hal_rcc.o
                                                  ./Drivers/STM32F4xx_HAL_Driver/Src/stm32f4xx_hal_pwr_ex.o
                                                  ./Drivers/STM32F4xx_HAL_Driver/Src/stm32f4xx_hal_i2c.o
                                                  ./Drivers/STM32F4xx_HAL_Driver/Src/stm32f4xx_hal_flash.o
                                                  ./Drivers/STM32F4xx_HAL_Driver/Src/stm32f4xx_hal_dma.o
HAL_GetTickFreq                                   ./Drivers/STM32F4xx_HAL_Driver/Src/stm32f4xx_hal.o
HAL_GetTickPrio                                   ./Drivers/STM32F4xx_HAL_Driver/Src/stm32f4xx_hal.o
HAL_GetUIDw0                                      ./Drivers/STM32F4xx_HAL_Driver/Src/stm32f4xx_hal.o
HAL_GetUIDw1                                      ./Drivers/STM32F4xx_HAL_Driver/Src/stm32f4xx_hal.o
HAL_GetUIDw2                                      ./Drivers/STM32F4xx_HAL_Driver/Src/stm32f4xx_hal.o
HAL_I2C_AbortCpltCallback                         ./Drivers/STM32F4xx_HAL_Driver/Src/stm32f4xx_hal_i2c.o
HAL_I2C_AddrCallback                              ./Drivers/STM32F4xx_HAL_Driver/Src/stm32f4xx_hal_i2c.o
HAL_I2C_DeInit                                    ./Drivers/STM32F4xx_HAL_Driver/Src/stm32f4xx_hal_i2c.o
HAL_I2C_DisableListen_IT                          ./Drivers/STM32F4xx_HAL_Driver/Src/stm32f4xx_hal_i2c.o
HAL_I2C_ER_IRQHandler                             ./Drivers/STM32F4xx_HAL_Driver/Src/stm32f4xx_hal_i2c.o
                                                  ./Src/stm32f4xx_it.o
HAL_I2C_EV_IRQHandler                             ./Drivers/STM32F4xx_HAL_Driver/Src/stm32f4xx_hal_i2c.o
                                                  ./Src/stm32f4xx_it.o
HAL_I2C_EnableListen_IT                           ./Drivers/STM32F4xx_HAL_Driver/Src/stm32f4xx_hal_i2c.o
HAL_I2C_ErrorCallback                             ./Drivers/STM32F4xx_HAL_Driver/Src/stm32f4xx_hal_i2c.o
HAL_I2C_GetError                                  ./Drivers/STM32F4xx_HAL_Driver/Src/stm32f4xx_hal_i2c.o
HAL_I2C_GetMode                                   ./Drivers/STM32F4xx_HAL_Driver/Src/stm32f4xx_hal_i2c.o
HAL_I2C_GetState                                  ./Drivers/STM32F4xx_HAL_Driver/Src/stm32f4xx_hal_i2c.o
HAL_I2C_Init                                      ./Drivers/STM32F4xx_HAL_Driver/Src/stm32f4xx_hal_i2c.o
                                                  ./Src/main.o
HAL_I2C_IsDeviceReady                             ./Drivers/STM32F4xx_HAL_Driver/Src/stm32f4xx_hal_i2c.o
HAL_I2C_ListenCpltCallback                        ./Drivers/STM32F4xx_HAL_Driver/Src/stm32f4xx_hal_i2c.o
HAL_I2C_MasterRxCpltCallback                      ./Drivers/STM32F4xx_HAL_Driver/Src/stm32f4xx_hal_i2c.o
HAL_I2C_MasterTxCpltCallback                      ./Drivers/STM32F4xx_HAL_Driver/Src/stm32f4xx_hal_i2c.o
HAL_I2C_Master_Abort_IT                           ./Drivers/STM32F4xx_HAL_Driver/Src/stm32f4xx_hal_i2c.o
HAL_I2C_Master_Receive                            ./Drivers/STM32F4xx_HAL_Driver/Src/stm32f4xx_hal_i2c.o